Archive member included to satisfy reference by file (symbol)

C:/ST/STM32CubeIDE_2.2.0/STM32CubeIDE/plugins/com.st.stm32cube.ide.mcu.externaltools.gnu-tools-for-stm32.14.3.rel1.win32_1.0.100.202602081740/tools/bin/../lib/gcc/arm-none-eabi/14.3.1/../../../../arm-none-eabi/lib/thumb/v7e-m+fp/hard\libc_nano.a(libc_a-exit.o)
                              C:/ST/STM32CubeIDE_2.2.0/STM32CubeIDE/plugins/com.st.stm32cube.ide.mcu.externaltools.gnu-tools-for-stm32.14.3.rel1.win32_1.0.100.202602081740/tools/bin/../lib/gcc/arm-none-eabi/14.3.1/../../../../arm-none-eabi/lib/thumb/v7e-m+fp/hard/crt0.o (exit)
C:/ST/STM32CubeIDE_2.2.0/STM32CubeIDE/plugins/com.st.stm32cube.ide.mcu.externaltools.gnu-tools-for-stm32.14.3.rel1.win32_1.0.100.202602081740/tools/bin/../lib/gcc/arm-none-eabi/14.3.1/../../../../arm-none-eabi/lib/thumb/v7e-m+fp/hard\libc_nano.a(libc_a-findfp.o)
                              C:/ST/STM32CubeIDE_2.2.0/STM32CubeIDE/plugins/com.st.stm32cube.ide.mcu.externaltools.gnu-tools-for-stm32.14.3.rel1.win32_1.0.100.202602081740/tools/bin/../lib/gcc/arm-none-eabi/14.3.1/../../../../arm-none-eabi/lib/thumb/v7e-m+fp/hard\libc_nano.a(libc_a-exit.o) (__stdio_exit_handler)
C:/ST/STM32CubeIDE_2.2.0/STM32CubeIDE/plugins/com.st.stm32cube.ide.mcu.externaltools.gnu-tools-for-stm32.14.3.rel1.win32_1.0.100.202602081740/tools/bin/../lib/gcc/arm-none-eabi/14.3.1/../../../../arm-none-eabi/lib/thumb/v7e-m+fp/hard\libc_nano.a(libc_a-fwalk.o)
                              C:/ST/STM32CubeIDE_2.2.0/STM32CubeIDE/plugins/com.st.stm32cube.ide.mcu.externaltools.gnu-tools-for-stm32.14.3.rel1.win32_1.0.100.202602081740/tools/bin/../lib/gcc/arm-none-eabi/14.3.1/../../../../arm-none-eabi/lib/thumb/v7e-m+fp/hard\libc_nano.a(libc_a-findfp.o) (_fwalk_sglue)
C:/ST/STM32CubeIDE_2.2.0/STM32CubeIDE/plugins/com.st.stm32cube.ide.mcu.externaltools.gnu-tools-for-stm32.14.3.rel1.win32_1.0.100.202602081740/tools/bin/../lib/gcc/arm-none-eabi/14.3.1/../../../../arm-none-eabi/lib/thumb/v7e-m+fp/hard\libc_nano.a(libc_a-snprintf.o)
                              ./Core/Src/commands.o (snprintf)
C:/ST/STM32CubeIDE_2.2.0/STM32CubeIDE/plugins/com.st.stm32cube.ide.mcu.externaltools.gnu-tools-for-stm32.14.3.rel1.win32_1.0.100.202602081740/tools/bin/../lib/gcc/arm-none-eabi/14.3.1/../../../../arm-none-eabi/lib/thumb/v7e-m+fp/hard\libc_nano.a(libc_a-sprintf.o)
                              ./Core/Src/app_main.o (sprintf)
C:/ST/STM32CubeIDE_2.2.0/STM32CubeIDE/plugins/com.st.stm32cube.ide.mcu.externaltools.gnu-tools-for-stm32.14.3.rel1.win32_1.0.100.202602081740/tools/bin/../lib/gcc/arm-none-eabi/14.3.1/../../../../arm-none-eabi/lib/thumb/v7e-m+fp/hard\libc_nano.a(libc_a-stdio.o)
                              C:/ST/STM32CubeIDE_2.2.0/STM32CubeIDE/plugins/com.st.stm32cube.ide.mcu.externaltools.gnu-tools-for-stm32.14.3.rel1.win32_1.0.100.202602081740/tools/bin/../lib/gcc/arm-none-eabi/14.3.1/../../../../arm-none-eabi/lib/thumb/v7e-m+fp/hard\libc_nano.a(libc_a-findfp.o) (__sread)
C:/ST/STM32CubeIDE_2.2.0/STM32CubeIDE/plugins/com.st.stm32cube.ide.mcu.externaltools.gnu-tools-for-stm32.14.3.rel1.win32_1.0.100.202602081740/tools/bin/../lib/gcc/arm-none-eabi/14.3.1/../../../../arm-none-eabi/lib/thumb/v7e-m+fp/hard\libc_nano.a(libc_a-vsprintf.o)
                              ./Core/Src/app_main.o (vsprintf)
C:/ST/STM32CubeIDE_2.2.0/STM32CubeIDE/plugins/com.st.stm32cube.ide.mcu.externaltools.gnu-tools-for-stm32.14.3.rel1.win32_1.0.100.202602081740/tools/bin/../lib/gcc/arm-none-eabi/14.3.1/../../../../arm-none-eabi/lib/thumb/v7e-m+fp/hard\libc_nano.a(libc_a-memset.o)
                              C:/ST/STM32CubeIDE_2.2.0/STM32CubeIDE/plugins/com.st.stm32cube.ide.mcu.externaltools.gnu-tools-for-stm32.14.3.rel1.win32_1.0.100.202602081740/tools/bin/../lib/gcc/arm-none-eabi/14.3.1/../../../../arm-none-eabi/lib/thumb/v7e-m+fp/hard/crt0.o (memset)
C:/ST/STM32CubeIDE_2.2.0/STM32CubeIDE/plugins/com.st.stm32cube.ide.mcu.externaltools.gnu-tools-for-stm32.14.3.rel1.win32_1.0.100.202602081740/tools/bin/../lib/gcc/arm-none-eabi/14.3.1/../../../../arm-none-eabi/lib/thumb/v7e-m+fp/hard\libc_nano.a(libc_a-strcat.o)
                              ./Core/Src/app_main.o (strcat)
C:/ST/STM32CubeIDE_2.2.0/STM32CubeIDE/plugins/com.st.stm32cube.ide.mcu.externaltools.gnu-tools-for-stm32.14.3.rel1.win32_1.0.100.202602081740/tools/bin/../lib/gcc/arm-none-eabi/14.3.1/../../../../arm-none-eabi/lib/thumb/v7e-m+fp/hard\libc_nano.a(libc_a-strchr.o)
                              ./Core/Src/commands.o (strchr)
C:/ST/STM32CubeIDE_2.2.0/STM32CubeIDE/plugins/com.st.stm32cube.ide.mcu.externaltools.gnu-tools-for-stm32.14.3.rel1.win32_1.0.100.202602081740/tools/bin/../lib/gcc/arm-none-eabi/14.3.1/../../../../arm-none-eabi/lib/thumb/v7e-m+fp/hard\libc_nano.a(libc_a-strncat.o)
                              ./Core/Src/commands.o (strncat)
[...]
Memory Configuration

Name             Origin             Length             Attributes
RAM              0x20000000         0x0000c000         xrw
RAM2             0x10000000         0x00004000         xrw
FLASH            0x08000000         0x00040000         xr
*default*        0x00000000         0xffffffff

Linker script and memory map

LOAD C:/ST/STM32CubeIDE_2.2.0/STM32CubeIDE/plugins/com.st.stm32cube.ide.mcu.externaltools.gnu-tools-for-stm32.14.3.rel1.win32_1.0.100.202602081740/tools/bin/../lib/gcc/arm-none-eabi/14.3.1/thumb/v7e-m+fp/hard/crti.o
LOAD C:/ST/STM32CubeIDE_2.2.0/STM32CubeIDE/plugins/com.st.stm32cube.ide.mcu.externaltools.gnu-tools-for-stm32.14.3.rel1.win32_1.0.100.202602081740/tools/bin/../lib/gcc/arm-none-eabi/14.3.1/thumb/v7e-m+fp/hard/crtbegin.o
LOAD C:/ST/STM32CubeIDE_2.2.0/STM32CubeIDE/plugins/com.st.stm32cube.ide.mcu.externaltools.gnu-tools-for-stm32.14.3.rel1.win32_1.0.100.202602081740/tools/bin/../lib/gcc/arm-none-eabi/14.3.1/../../../../arm-none-eabi/lib/thumb/v7e-m+fp/hard/crt0.o
LOAD ./Core/Src/app_main.o
LOAD ./Core/Src/commands.o
LOAD ./Core/Src/main.o
LOAD ./Core/Src/stm32l4xx_hal_msp.o
LOAD ./Core/Src/stm32l4xx_hal_timebase_tim.o
LOAD ./Core/Src/stm32l4xx_it.o
LOAD ./Core/Src/syscalls.o
LOAD ./Core/Src/sysmem.o
LOAD ./Core/Src/system_stm32l4xx.o
LOAD ./Core/Startup/startup_stm32l432kcux.o
LOAD ./Drivers/BSP/STM32L4xx_Nucleo_32/stm32l4xx_nucleo_32.o
LOAD ./Drivers/STM32L4xx_HAL_Driver/Src/stm32l4xx_hal.o
LOAD ./Drivers/STM32L4xx_HAL_Driver/Src/stm32l4xx_hal_cortex.o
LOAD ./Drivers/STM32L4xx_HAL_Driver/Src/stm32l4xx_hal_dma.o
LOAD ./Drivers/STM32L4xx_HAL_Driver/Src/stm32l4xx_hal_dma_ex.o
LOAD ./Drivers/STM32L4xx_HAL_Driver/Src/stm32l4xx_hal_exti.o
LOAD ./Drivers/STM32L4xx_HAL_Driver/Src/stm32l4xx_hal_flash.o
LOAD ./Drivers/STM32L4xx_HAL_Driver/Src/stm32l4xx_hal_flash_ex.o
LOAD ./Drivers/STM32L4xx_HAL_Driver/Src/stm32l4xx_hal_flash_ramfunc.o
LOAD ./Drivers/STM32L4xx_HAL_Driver/Src/stm32l4xx_hal_gpio.o
LOAD ./Drivers/STM32L4xx_HAL_Driver/Src/stm32l4xx_hal_i2c.o
LOAD ./Drivers/STM32L4xx_HAL_Driver/Src/stm32l4xx_hal_i2c_ex.o
LOAD ./Drivers/STM32L4xx_HAL_Driver/Src/stm32l4xx_hal_pwr.o
LOAD ./Drivers/STM32L4xx_HAL_Driver/Src/stm32l4xx_hal_pwr_ex.o
LOAD ./Drivers/STM32L4xx_HAL_Driver/Src/stm32l4xx_hal_rcc.o
LOAD ./Drivers/STM32L4xx_HAL_Driver/Src/stm32l4xx_hal_rcc_ex.o
LOAD ./Drivers/STM32L4xx_HAL_Driver/Src/stm32l4xx_hal_tim.o
LOAD ./Drivers/STM32L4xx_HAL_Driver/Src/stm32l4xx_hal_tim_ex.o
LOAD ./Drivers/STM32L4xx_HAL_Driver/Src/stm32l4xx_hal_uart.o
LOAD ./Drivers/STM32L4xx_HAL_Driver/Src/stm32l4xx_hal_uart_ex.o
LOAD ./FATFS/App/fatfs.o
LOAD ./FATFS/Target/user_diskio.o
LOAD ./Middlewares/Third_Party/FatFs/src/diskio.o
LOAD ./Middlewares/Third_Party/FatFs/src/ff.o
LOAD ./Middlewares/Third_Party/FatFs/src/ff_gen_drv.o
LOAD ./Middlewares/Third_Party/FatFs/src/option/syscall.o
START GROUP
LOAD C:/ST/STM32CubeIDE_2.2.0/STM32CubeIDE/plugins/com.st.stm32cube.ide.mcu.externaltools.gnu-tools-for-stm32.14.3.rel1.win32_1.0.100.202602081740/tools/bin/../lib/gcc/arm-none-eabi/14.3.1/../../../../arm-none-eabi/lib/thumb/v7e-m+fp/hard\libstdc++_nano.a
LOAD C:/ST/STM32CubeIDE_2.2.0/STM32CubeIDE/plugins/com.st.stm32cube.ide.mcu.externaltools.gnu-tools-for-stm32.14.3.rel1.win32_1.0.100.202602081740/tools/bin/../lib/gcc/arm-none-eabi/14.3.1/../../../../arm-none-eabi/lib/thumb/v7e-m+fp/hard\libsupc++_nano.a
END GROUP
LOAD C:/ST/STM32CubeIDE_2.2.0/STM32CubeIDE/plugins/com.st.stm32cube.ide.mcu.externaltools.gnu-tools-for-stm32.14.3.rel1.win32_1.0.100.202602081740/tools/bin/../lib/gcc/arm-none-eabi/14.3.1/../../../../arm-none-eabi/lib/thumb/v7e-m+fp/hard\libstdc++_nano.a
LOAD C:/ST/STM32CubeIDE_2.2.0/STM32CubeIDE/plugins/com.st.stm32cube.ide.mcu.externaltools.gnu-tools-for-stm32.14.3.rel1.win32_1.0.100.202602081740/tools/bin/../lib/gcc/arm-none-eabi/14.3.1/../../../../arm-none-eabi/lib/thumb/v7e-m+fp/hard\libm.a
LOAD C:/ST/STM32CubeIDE_2.2.0/STM32CubeIDE/plugins/com.st.stm32cube.ide.mcu.externaltools.gnu-tools-for-stm32.14.3.rel1.win32_1.0.100.202602081740/tools/bin/../lib/gcc/arm-none-eabi/14.3.1/../../../../arm-none-eabi/lib/thumb/v7e-m+fp/hard\libc_nano.a
START GROUP
LOAD C:/ST/STM32CubeIDE_2.2.0/STM32CubeIDE/plugins/com.st.stm32cube.ide.mcu.externaltools.gnu-tools-for-stm32.14.3.rel1.win32_1.0.100.202602081740/tools/bin/../lib/gcc/arm-none-eabi/14.3.1/thumb/v7e-m+fp/hard\libgcc.a
LOAD C:/ST/STM32CubeIDE_2.2.0/STM32CubeIDE/plugins/com.st.stm32cube.ide.mcu.externaltools.gnu-tools-for-stm32.14.3.rel1.win32_1.0.100.202602081740/tools/bin/../lib/gcc/arm-none-eabi/14.3.1/../../../../arm-none-eabi/lib/thumb/v7e-m+fp/hard\libc_nano.a
END GROUP
START GROUP
LOAD C:/ST/STM32CubeIDE_2.2.0/STM32CubeIDE/plugins/com.st.stm32cube.ide.mcu.externaltools.gnu-tools-for-stm32.14.3.rel1.win32_1.0.100.202602081740/tools/bin/../lib/gcc/arm-none-eabi/14.3.1/thumb/v7e-m+fp/hard\libgcc.a
LOAD C:/ST/STM32CubeIDE_2.2.0/STM32CubeIDE/plugins/com.st.stm32cube.ide.mcu.externaltools.gnu-tools-for-stm32.14.3.rel1.win32_1.0.100.202602081740/tools/bin/../lib/gcc/arm-none-eabi/14.3.1/../../../../arm-none-eabi/lib/thumb/v7e-m+fp/hard\libc_nano.a
END GROUP
LOAD C:/ST/STM32CubeIDE_2.2.0/STM32CubeIDE/plugins/com.st.stm32cube.ide.mcu.externaltools.gnu-tools-for-stm32.14.3.rel1.win32_1.0.100.202602081740/tools/bin/../lib/gcc/arm-none-eabi/14.3.1/thumb/v7e-m+fp/hard/crtend.o
LOAD C:/ST/STM32CubeIDE_2.2.0/STM32CubeIDE/plugins/com.st.stm32cube.ide.mcu.externaltools.gnu-tools-for-stm32.14.3.rel1.win32_1.0.100.202602081740/tools/bin/../lib/gcc/arm-none-eabi/14.3.1/thumb/v7e-m+fp/hard/crtn.o
                0x2000c000                        _estack = (ORIGIN (RAM) + LENGTH (RAM))
                0x00000200                        _Min_Heap_Size = 0x200
                0x00000400                        _Min_Stack_Size = 0x400

.isr_vector     0x08000000      0x18c
                0x08000000                        . = ALIGN (0x4)
 *(.isr_vector)
 .isr_vector    0x08000000      0x18c ./Core/Startup/startup_stm32l432kcux.o
                0x08000000                g_pfnVectors
                0x0800018c                        . = ALIGN (0x4)

.text           0x08000190     0x9208
                0x08000190                        . = ALIGN (0x4)
 *(.text)
 .text          0x08000190       0x40 C:/ST/STM32CubeIDE_2.2.0/STM32CubeIDE/plugins/com.st.stm32cube.ide.mcu.externaltools.gnu-tools-for-stm32.14.3.rel1.win32_1.0.100.202602081740/tools/bin/../lib/gcc/arm-none-eabi/14.3.1/thumb/v7e-m+fp/hard/crtbegin.o
 .text          0x080001d0       0x10 C:/ST/STM32CubeIDE_2.2.0/STM32CubeIDE/plugins/com.st.stm32cube.ide.mcu.externaltools.gnu-tools-for-stm32.14.3.rel1.win32_1.0.100.202602081740/tools/bin/../lib/gcc/arm-none-eabi/14.3.1/../../../../arm-none-eabi/lib/thumb/v7e-m+fp/hard\libc_nano.a(libc_a-strlen.o)
                0x080001d0                strlen
 .text          0x080001e0       0xa0 C:/ST/STM32CubeIDE_2.2.0/STM32CubeIDE/plugins/com.st.stm32cube.ide.mcu.externaltools.gnu-tools-for-stm32.14.3.rel1.win32_1.0.100.202602081740/tools/bin/../lib/gcc/arm-none-eabi/14.3.1/../../../../arm-none-eabi/lib/thumb/v7e-m+fp/hard\libc_nano.a(libc_a-memchr.o)
                0x080001e0                memchr
 .text          0x08000280      0x378 C:/ST/STM32CubeIDE_2.2.0/STM32CubeIDE/plugins/com.st.stm32cube.ide.mcu.externaltools.gnu-tools-for-stm32.14.3.rel1.win32_1.0.100.202602081740/tools/bin/../lib/gcc/arm-none-eabi/14.3.1/thumb/v7e-m+fp/hard\libgcc.a(_arm_addsubdf3.o)
                0x08000280                __aeabi_drsub
                0x08000288                __aeabi_dsub
                0x08000288                __subdf3
                0x0800028c                __aeabi_dadd
                0x0800028c                __adddf3
                0x08000504                __floatunsidf
                0x08000504                __aeabi_ui2d
                0x08000524                __floatsidf
                0x08000524                __aeabi_i2d
                0x08000548                __aeabi_f2d
                0x08000548                __extendsfdf2
                0x0800058c                __floatundidf
                0x0800058c                __aeabi_ul2d
                0x0800059c                __floatdidf
                0x0800059c                __aeabi_l2d
 .text          0x080005f8      0x424 C:/ST/STM32CubeIDE_2.2.0/STM32CubeIDE/plugins/com.st.stm32cube.ide.mcu.externaltools.gnu-tools-for-stm32.14.3.rel1.win32_1.0.100.202602081740/tools/bin/../lib/gcc/arm-none-eabi/14.3.1/thumb/v7e-m+fp/hard\libgcc.a(_arm_muldivdf3.o)
                0x080005f8                __aeabi_dmul
                0x080005f8                __muldf3
                0x0800084c                __divdf3
                0x0800084c                __aeabi_ddiv
 .text          0x08000a1c       0x30 C:/ST/STM32CubeIDE_2.2.0/STM32CubeIDE/plugins/com.st.stm32cube.ide.mcu.externaltools.gnu-tools-for-stm32.14.3.rel1.win32_1.0.100.202602081740/tools/bin/../lib/gcc/arm-none-eabi/14.3.1/thumb/v7e-m+fp/hard\libgcc.a(_aeabi_uldivmod.o)
                0x08000a1c                __aeabi_uldivmod
 .text          0x08000a4c      0x2f8 C:/ST/STM32CubeIDE_2.2.0/STM32CubeIDE/plugins/com.st.stm32cube.ide.mcu.externaltools.gnu-tools-for-stm32.14.3.rel1.win32_1.0.100.202602081740/tools/bin/../lib/gcc/arm-none-eabi/14.3.1/thumb/v7e-m+fp/hard\libgcc.a(_udivmoddi4.o)
                0x08000a4c                __udivmoddi4
 .text          0x08000d44        0x4 C:/ST/STM32CubeIDE_2.2.0/STM32CubeIDE/plugins/com.st.stm32cube.ide.mcu.externaltools.gnu-tools-for-stm32.14.3.rel1.win32_1.0.100.202602081740/tools/bin/../lib/gcc/arm-none-eabi/14.3.1/thumb/v7e-m+fp/hard\libgcc.a(_dvmd_tls.o)
                0x08000d44                __aeabi_idiv0
                0x08000d44                __aeabi_ldiv0
 *(.text*)
 .text._Z8DWT_Initv
                0x08000d48       0x30 ./Core/Src/app_main.o
                0x08000d48                DWT_Init()
 .text._Z7wait_usm
                0x08000d78       0x58 ./Core/Src/app_main.o
                0x08000d78                wait_us(unsigned long)
 .text._Z7read_usv
                0x08000dd0       0x30 ./Core/Src/app_main.o
                0x08000dd0                read_us()
 .text._Z8ResetACKv
                0x08000e00       0x2c ./Core/Src/app_main.o
                0x08000e00                ResetACK()
 .text._Z6SetACKv
                0x08000e2c       0x38 ./Core/Src/app_main.o
                0x08000e2c                SetACK()
 .text._Z9debug_logPKcz
                0x08000e64       0x70 ./Core/Src/app_main.o
                0x08000e64                debug_log(char const*, ...)
 .text._Z9debug_hexPVht
                0x08000ed4       0xb0 ./Core/Src/app_main.o
                0x08000ed4                debug_hex(unsigned char volatile*, unsigned short)
 .text._Z12outDebugDumpv
                0x08000f84       0x6c ./Core/Src/app_main.o
                0x08000f84                outDebugDump()
 .text._Z14SendOutputDatav
                0x08000ff0      0x210 ./Core/Src/app_main.o
                0x08000ff0                SendOutputData()
 .text._Z12SendErrorOutv
                0x08001200       0x20 ./Core/Src/app_main.o
                0x08001200                SendErrorOut()
 .text._Z11inDataReadyv
                0x08001220      0x228 ./Core/Src/app_main.o
                0x08001220                inDataReady()
 .text._Z18check_serial_inputv
                0x08001448       0x88 ./Core/Src/app_main.o
                0x08001448                check_serial_input()
 .text._Z19run_software_timersv
                0x080014d0       0x7c ./Core/Src/app_main.o
                0x080014d0                run_software_timers()
 .text._Z8app_mainv
                0x0800154c       0xf8 ./Core/Src/app_main.o
                0x0800154c                app_main()
 .text._Z11print_to_pcPKc
                0x08001644       0x2c ./Core/Src/commands.o
                0x08001644                print_to_pc(char const*)
 .text._Z8CheckSumh
                0x08001670       0x2c ./Core/Src/commands.o
                0x08001670                CheckSum(unsigned char)
 .text._Z13outDataAppendh
                0x0800169c       0x4c ./Core/Src/commands.o
                0x0800169c                outDataAppend(unsigned char)
 .text._Z10sendStringPKc
                0x080016e8       0x42 ./Core/Src/commands.o
                0x080016e8                sendString(char const*)
 .text._Z4trimPh
                0x0800172a       0x4a ./Core/Src/commands.o
                0x0800172a                trim(unsigned char*)
 .text._Z11getFileNamev
                0x08001774       0x50 ./Core/Src/commands.o
                0x08001774                getFileName()
 .text._Z13process_FILESv
                0x080017c4      0x15c ./Core/Src/commands.o
                0x080017c4                process_FILES()
 .text._Z18process_FILES_LISTh
                0x08001920      0x250 ./Core/Src/commands.o
                0x08001920                process_FILES_LIST(unsigned char)
 .text._Z12process_LOADh
                0x08001b70      0x488 ./Core/Src/commands.o
                0x08001b70                process_LOAD(unsigned char)
 .text._Z12process_SAVEi
                0x08001ff8      0x2d8 ./Core/Src/commands.o
                0x08001ff8                process_SAVE(int)
 .text._Z12process_DSKFv
                0x080022d0      0x108 ./Core/Src/commands.o
                0x080022d0                process_DSKF()
 .text._Z13process_CLOSEv
                0x080023d8       0xec ./Core/Src/commands.o
                0x080023d8                process_CLOSE()
 .text._Z12process_OPENv
                0x080024c4      0x170 ./Core/Src/commands.o
                0x080024c4                process_OPEN()
 .text._Z13process_PRINTi
                0x08002634      0x148 ./Core/Src/commands.o
                0x08002634                process_PRINT(int)
 .text._Z13process_INPUTi
                0x0800277c      0x198 ./Core/Src/commands.o
                0x0800277c                process_INPUT(int)
 .text._Z12process_KILLv
                0x08002914       0x8c ./Core/Src/commands.o
                0x08002914                process_KILL()
 .text._Z14ProcessCommandv
                0x080029a0      0x1b4 ./Core/Src/commands.o
                0x080029a0                ProcessCommand()
 .text.main     0x08002b54       0x26 ./Core/Src/main.o
                0x08002b54                main
 .text._Z18SystemClock_Configv
                0x08002b7a       0xc2 ./Core/Src/main.o
                0x08002b7a                SystemClock_Config()
 .text._ZL19MX_USART2_UART_Initv
                0x08002c3c       0x68 ./Core/Src/main.o
 .text._ZL12MX_GPIO_Initv
                0x08002ca4      0x174 ./Core/Src/main.o
 .text.Error_Handler
                0x08002e18        0xc ./Core/Src/main.o
                0x08002e18                Error_Handler
 .text.HAL_MspInit
                0x08002e24       0x48 ./Core/Src/stm32l4xx_hal_msp.o
                0x08002e24                HAL_MspInit
 .text.HAL_UART_MspInit
                0x08002e6c       0xd4 ./Core/Src/stm32l4xx_hal_msp.o
                0x08002e6c                HAL_UART_MspInit
 .text.HAL_InitTick
                0x08002f40       0xf4 ./Core/Src/stm32l4xx_hal_timebase_tim.o
                0x08002f40                HAL_InitTick
 .text.NMI_Handler
                0x08003034        0x8 ./Core/Src/stm32l4xx_it.o
                0x08003034                NMI_Handler
 .text.HardFault_Handler
                0x0800303c        0x8 ./Core/Src/stm32l4xx_it.o
                0x0800303c                HardFault_Handler
 .text.MemManage_Handler
                0x08003044        0x8 ./Core/Src/stm32l4xx_it.o
                0x08003044                MemManage_Handler
 .text.BusFault_Handler
                0x0800304c        0x8 ./Core/Src/stm32l4xx_it.o
                0x0800304c                BusFault_Handler
 .text.UsageFault_Handler
                0x08003054        0x8 ./Core/Src/stm32l4xx_it.o
                0x08003054                UsageFault_Handler
 .text.SVC_Handler
                0x0800305c        0xe ./Core/Src/stm32l4xx_it.o
                0x0800305c                SVC_Handler
 .text.DebugMon_Handler
                0x0800306a        0xe ./Core/Src/stm32l4xx_it.o
                0x0800306a                DebugMon_Handler
 .text.PendSV_Handler
                0x08003078        0xe ./Core/Src/stm32l4xx_it.o
                0x08003078                PendSV_Handler
 .text.SysTick_Handler
                0x08003086        0xe ./Core/Src/stm32l4xx_it.o
                0x08003086                SysTick_Handler
 .text.TIM6_DAC_IRQHandler
                0x08003094       0x14 ./Core/Src/stm32l4xx_it.o
                0x08003094                TIM6_DAC_IRQHandler
 .text._sbrk    0x080030a8       0x6c ./Core/Src/sysmem.o
                0x080030a8                _sbrk
 .text.SystemInit
                0x08003114       0x24 ./Core/Src/system_stm32l4xx.o
                0x08003114                SystemInit
 .text.Reset_Handler
                0x08003138       0x50 ./Core/Startup/startup_stm32l432kcux.o
                0x08003138                Reset_Handler
 .text.Default_Handler
                0x08003188        0x2 ./Core/Startup/startup_stm32l432kcux.o
                0x08003188                RTC_Alarm_IRQHandler
                0x08003188                EXTI2_IRQHandler
                0x08003188                TIM1_CC_IRQHandler
                0x08003188                TSC_IRQHandler
                0x08003188                TAMP_STAMP_IRQHandler
                0x08003188                EXTI3_IRQHandler
                0x08003188                LPTIM2_IRQHandler
                0x08003188                I2C3_ER_IRQHandler
                0x08003188                EXTI0_IRQHandler
                0x08003188                CAN1_RX0_IRQHandler
                0x08003188                FPU_IRQHandler
                0x08003188                TIM1_UP_TIM16_IRQHandler
                0x08003188                SPI1_IRQHandler
                0x08003188                DMA2_Channel2_IRQHandler
                0x08003188                DMA1_Channel4_IRQHandler
                0x08003188                ADC1_IRQHandler
                0x08003188                DMA1_Channel7_IRQHandler
                0x08003188                CAN1_RX1_IRQHandler
                0x08003188                DMA2_Channel1_IRQHandler
                0x08003188                QUADSPI_IRQHandler
                0x08003188                I2C1_EV_IRQHandler
                0x08003188                DMA1_Channel6_IRQHandler
                0x08003188                DMA2_Channel4_IRQHandler
                0x08003188                RCC_IRQHandler
                0x08003188                TIM1_TRG_COM_IRQHandler
                0x08003188                DMA1_Channel1_IRQHandler
                0x08003188                Default_Handler
                0x08003188                DMA2_Channel7_IRQHandler
                0x08003188                EXTI15_10_IRQHandler
                0x08003188                TIM7_IRQHandler
                0x08003188                I2C3_EV_IRQHandler
                0x08003188                USB_IRQHandler
                0x08003188                EXTI9_5_IRQHandler
                0x08003188                RTC_WKUP_IRQHandler
                0x08003188                PVD_PVM_IRQHandler
                0x08003188                CAN1_TX_IRQHandler
                0x08003188                DMA2_Channel5_IRQHandler
                0x08003188                CRS_IRQHandler
                0x08003188                DMA1_Channel5_IRQHandler
                0x08003188                EXTI4_IRQHandler
                0x08003188                RNG_IRQHandler
                0x08003188                DMA1_Channel3_IRQHandler
                0x08003188                COMP_IRQHandler
                0x08003188                WWDG_IRQHandler
                0x08003188                LPUART1_IRQHandler
                0x08003188                DMA2_Channel6_IRQHandler
                0x08003188                TIM2_IRQHandler
                0x08003188                EXTI1_IRQHandler
                0x08003188                USART2_IRQHandler
                0x08003188                DMA1_Channel2_IRQHandler
                0x08003188                CAN1_SCE_IRQHandler
                0x08003188                FLASH_IRQHandler
                0x08003188                USART1_IRQHandler
                0x08003188                SPI3_IRQHandler
                0x08003188                I2C1_ER_IRQHandler
                0x08003188                SWPMI1_IRQHandler
                0x08003188                LPTIM1_IRQHandler
                0x08003188                SAI1_IRQHandler
                0x08003188                DMA2_Channel3_IRQHandler
                0x08003188                TIM1_BRK_TIM15_IRQHandler
 *fill*         0x0800318a        0x2 
 .text.BSP_LED_Init
                0x0800318c       0x68 ./Drivers/BSP/STM32L4xx_Nucleo_32/stm32l4xx_nucleo_32.o
                0x0800318c                BSP_LED_Init
 .text.HAL_Init
                0x080031f4       0x30 ./Drivers/STM32L4xx_HAL_Driver/Src/stm32l4xx_hal.o
                0x080031f4                HAL_Init
 .text.HAL_GetTick
                0x08003224       0x18 ./Drivers/STM32L4xx_HAL_Driver/Src/stm32l4xx_hal.o
                0x08003224                HAL_GetTick
 .text.HAL_Delay
                0x0800323c       0x48 ./Drivers/STM32L4xx_HAL_Driver/Src/stm32l4xx_hal.o
                0x0800323c                HAL_Delay
 .text.__NVIC_SetPriorityGrouping
                0x08003284       0x48 ./Drivers/STM32L4xx_HAL_Driver/Src/stm32l4xx_hal_cortex.o
 .text.__NVIC_GetPriorityGrouping
                0x080032cc       0x1c ./Drivers/STM32L4xx_HAL_Driver/Src/stm32l4xx_hal_cortex.o
 .text.__NVIC_EnableIRQ
                0x080032e8       0x3c ./Drivers/STM32L4xx_HAL_Driver/Src/stm32l4xx_hal_cortex.o
 .text.__NVIC_SetPriority
                0x08003324       0x54 ./Drivers/STM32L4xx_HAL_Driver/Src/stm32l4xx_hal_cortex.o
 .text.NVIC_EncodePriority
                0x08003378       0x66 ./Drivers/STM32L4xx_HAL_Driver/Src/stm32l4xx_hal_cortex.o
 .text.HAL_NVIC_SetPriorityGrouping
                0x080033de       0x16 ./Drivers/STM32L4xx_HAL_Driver/Src/stm32l4xx_hal_cortex.o
                0x080033de                HAL_NVIC_SetPriorityGrouping
 .text.HAL_NVIC_SetPriority
                0x080033f4       0x38 ./Drivers/STM32L4xx_HAL_Driver/Src/stm32l4xx_hal_cortex.o
                0x080033f4                HAL_NVIC_SetPriority
 .text.HAL_NVIC_EnableIRQ
                0x0800342c       0x1c ./Drivers/STM32L4xx_HAL_Driver/Src/stm32l4xx_hal_cortex.o
                0x0800342c                HAL_NVIC_EnableIRQ
 .text.HAL_GPIO_Init
                0x08003448      0x2d4 ./Drivers/STM32L4xx_HAL_Driver/Src/stm32l4xx_hal_gpio.o
                0x08003448                HAL_GPIO_Init
 .text.HAL_GPIO_ReadPin
                0x0800371c       0x30 ./Drivers/STM32L4xx_HAL_Driver/Src/stm32l4xx_hal_gpio.o
                0x0800371c                HAL_GPIO_ReadPin
 .text.HAL_GPIO_WritePin
                0x0800374c       0x30 ./Drivers/STM32L4xx_HAL_Driver/Src/stm32l4xx_hal_gpio.o
                0x0800374c                HAL_GPIO_WritePin
 .text.HAL_GPIO_TogglePin
                0x0800377c       0x34 ./Drivers/STM32L4xx_HAL_Driver/Src/stm32l4xx_hal_gpio.o
                0x0800377c                HAL_GPIO_TogglePin
 .text.HAL_PWREx_GetVoltageRange
                0x080037b0       0x1c ./Drivers/STM32L4xx_HAL_Driver/Src/stm32l4xx_hal_pwr_ex.o
                0x080037b0                HAL_PWREx_GetVoltageRange
 .text.HAL_PWREx_ControlVoltageScaling
                0x080037cc       0xac ./Drivers/STM32L4xx_HAL_Driver/Src/stm32l4xx_hal_pwr_ex.o
                0x080037cc                HAL_PWREx_ControlVoltageScaling
 .text.HAL_RCC_OscConfig
                0x08003878      0x828 ./Drivers/STM32L4xx_HAL_Driver/Src/stm32l4xx_hal_rcc.o
                0x08003878                HAL_RCC_OscConfig
 .text.HAL_RCC_ClockConfig
                0x080040a0      0x200 ./Drivers/STM32L4xx_HAL_Driver/Src/stm32l4xx_hal_rcc.o
                0x080040a0                HAL_RCC_ClockConfig
 .text.HAL_RCC_GetSysClockFreq
                0x080042a0      0x118 ./Drivers/STM32L4xx_HAL_Driver/Src/stm32l4xx_hal_rcc.o
                0x080042a0                HAL_RCC_GetSysClockFreq
 .text.HAL_RCC_GetHCLKFreq
                0x080043b8       0x18 ./Drivers/STM32L4xx_HAL_Driver/Src/stm32l4xx_hal_rcc.o
                0x080043b8                HAL_RCC_GetHCLKFreq
 .text.HAL_RCC_GetPCLK1Freq
                0x080043d0       0x2c ./Drivers/STM32L4xx_HAL_Driver/Src/stm32l4xx_hal_rcc.o
                0x080043d0                HAL_RCC_GetPCLK1Freq
 .text.HAL_RCC_GetPCLK2Freq
                0x080043fc       0x2c ./Drivers/STM32L4xx_HAL_Driver/Src/stm32l4xx_hal_rcc.o
                0x080043fc                HAL_RCC_GetPCLK2Freq
 .text.HAL_RCC_GetClockConfig
                0x08004428       0x64 ./Drivers/STM32L4xx_HAL_Driver/Src/stm32l4xx_hal_rcc.o
                0x08004428                HAL_RCC_GetClockConfig
 .text.RCC_SetFlashLatencyFromMSIRange
                0x0800448c       0xc0 ./Drivers/STM32L4xx_HAL_Driver/Src/stm32l4xx_hal_rcc.o
 .text.HAL_RCCEx_PeriphCLKConfig
                0x0800454c      0x3ec ./Drivers/STM32L4xx_HAL_Driver/Src/stm32l4xx_hal_rcc_ex.o
                0x0800454c                HAL_RCCEx_PeriphCLKConfig
 .text.RCCEx_PLLSAI1_Config
                0x08004938      0x1e4 ./Drivers/STM32L4xx_HAL_Driver/Src/stm32l4xx_hal_rcc_ex.o
 .text.HAL_TIM_Base_Init
                0x08004b1c       0xae ./Drivers/STM32L4xx_HAL_Driver/Src/stm32l4xx_hal_tim.o
                0x08004b1c                HAL_TIM_Base_Init
 .text.HAL_TIM_Base_MspInit
                0x08004bca       0x14 ./Drivers/STM32L4xx_HAL_Driver/Src/stm32l4xx_hal_tim.o
                0x08004bca                HAL_TIM_Base_MspInit
 *fill*         0x08004bde        0x2 
 .text.HAL_TIM_Base_Start_IT
                0x08004be0       0xa8 ./Drivers/STM32L4xx_HAL_Driver/Src/stm32l4xx_hal_tim.o
                0x08004be0                HAL_TIM_Base_Start_IT
 .text.HAL_TIM_IRQHandler
                0x08004c88      0x20e ./Drivers/STM32L4xx_HAL_Driver/Src/stm32l4xx_hal_tim.o
                0x08004c88                HAL_TIM_IRQHandler
 .text.HAL_TIM_PeriodElapsedCallback
                0x08004e96       0x14 ./Drivers/STM32L4xx_HAL_Driver/Src/stm32l4xx_hal_tim.o
                0x08004e96                HAL_TIM_PeriodElapsedCallback
 .text.HAL_TIM_OC_DelayElapsedCallback
                0x08004eaa       0x14 ./Drivers/STM32L4xx_HAL_Driver/Src/stm32l4xx_hal_tim.o
                0x08004eaa                HAL_TIM_OC_DelayElapsedCallback
 .text.HAL_TIM_IC_CaptureCallback
                0x08004ebe       0x14 ./Drivers/STM32L4xx_HAL_Driver/Src/stm32l4xx_hal_tim.o
                0x08004ebe                HAL_TIM_IC_CaptureCallback
 .text.HAL_TIM_PWM_PulseFinishedCallback
                0x08004ed2       0x14 ./Drivers/STM32L4xx_HAL_Driver/Src/stm32l4xx_hal_tim.o
                0x08004ed2                HAL_TIM_PWM_PulseFinishedCallback
 .text.HAL_TIM_TriggerCallback
                0x08004ee6       0x14 ./Drivers/STM32L4xx_HAL_Driver/Src/stm32l4xx_hal_tim.o
                0x08004ee6                HAL_TIM_TriggerCallback
 *fill*         0x08004efa        0x2 
 .text.TIM_Base_SetConfig
                0x08004efc       0xd4 ./Drivers/STM32L4xx_HAL_Driver/Src/stm32l4xx_hal_tim.o
                0x08004efc                TIM_Base_SetConfig
 .text.HAL_TIMEx_CommutCallback
                0x08004fd0       0x14 ./Drivers/STM32L4xx_HAL_Driver/Src/stm32l4xx_hal_tim_ex.o
                0x08004fd0                HAL_TIMEx_CommutCallback
 .text.HAL_TIMEx_BreakCallback
                0x08004fe4       0x14 ./Drivers/STM32L4xx_HAL_Driver/Src/stm32l4xx_hal_tim_ex.o
                0x08004fe4                HAL_TIMEx_BreakCallback
 .text.HAL_TIMEx_Break2Callback
                0x08004ff8       0x14 ./Drivers/STM32L4xx_HAL_Driver/Src/stm32l4xx_hal_tim_ex.o
                0x08004ff8                HAL_TIMEx_Break2Callback
 .text.HAL_UART_Init
                0x0800500c       0x9c ./Drivers/STM32L4xx_HAL_Driver/Src/stm32l4xx_hal_uart.o
                0x0800500c                HAL_UART_Init
 .text.HAL_UART_Transmit
                0x080050a8      0x126 ./Drivers/STM32L4xx_HAL_Driver/Src/stm32l4xx_hal_uart.o
                0x080050a8                HAL_UART_Transmit
 .text.HAL_UART_Receive
                0x080051ce      0x1a0 ./Drivers/STM32L4xx_HAL_Driver/Src/stm32l4xx_hal_uart.o
                0x080051ce                HAL_UART_Receive
 *fill*         0x0800536e        0x2 
 .text.UART_SetConfig
                0x08005370      0x458 ./Drivers/STM32L4xx_HAL_Driver/Src/stm32l4xx_hal_uart.o
                0x08005370                UART_SetConfig
 .text.UART_AdvFeatureConfig
                0x080057c8      0x144 ./Drivers/STM32L4xx_HAL_Driver/Src/stm32l4xx_hal_uart.o
                0x080057c8                UART_AdvFeatureConfig
 .text.UART_CheckIdleState
                0x0800590c      0x150 ./Drivers/STM32L4xx_HAL_Driver/Src/stm32l4xx_hal_uart.o
                0x0800590c                UART_CheckIdleState
 .text.UART_WaitOnFlagUntilTimeout
                0x08005a5c       0xda ./Drivers/STM32L4xx_HAL_Driver/Src/stm32l4xx_hal_uart.o
                0x08005a5c                UART_WaitOnFlagUntilTimeout
 .text.UART_EndRxTransfer
                0x08005b36       0xc8 ./Drivers/STM32L4xx_HAL_Driver/Src/stm32l4xx_hal_uart.o
 *fill*         0x08005bfe        0x2 
 .text.MX_FATFS_Init
                0x08005c00       0x24 ./FATFS/App/fatfs.o
                0x08005c00                MX_FATFS_Init
 .text.get_fattime
                0x08005c24       0x10 ./FATFS/App/fatfs.o
                0x08005c24                get_fattime
 .text.USER_initialize
                0x08005c34       0x28 ./FATFS/Target/user_diskio.o
                0x08005c34                USER_initialize
 .text.USER_status
                0x08005c5c       0x28 ./FATFS/Target/user_diskio.o
                0x08005c5c                USER_status
 .text.USER_read
                0x08005c84       0x1e ./FATFS/Target/user_diskio.o
                0x08005c84                USER_read
 .text.USER_write
                0x08005ca2       0x1e ./FATFS/Target/user_diskio.o
                0x08005ca2                USER_write
 .text.USER_ioctl
                0x08005cc0       0x22 ./FATFS/Target/user_diskio.o
                0x08005cc0                USER_ioctl
 *fill*         0x08005ce2        0x2 
 .text.disk_status
                0x08005ce4       0x34 ./Middlewares/Third_Party/FatFs/src/diskio.o
                0x08005ce4                disk_status
 .text.disk_initialize
                0x08005d18       0x4c ./Middlewares/Third_Party/FatFs/src/diskio.o
                0x08005d18                disk_initialize
 .text.disk_read
                0x08005d64       0x40 ./Middlewares/Third_Party/FatFs/src/diskio.o
                0x08005d64                disk_read
 .text.disk_write
                0x08005da4       0x40 ./Middlewares/Third_Party/FatFs/src/diskio.o
                0x08005da4                disk_write
 .text.disk_ioctl
                0x08005de4       0x3c ./Middlewares/Third_Party/FatFs/src/diskio.o
                0x08005de4                disk_ioctl
 .text.ld_word  0x08005e20       0x32 ./Middlewares/Third_Party/FatFs/src/ff.o
 .text.ld_dword
                0x08005e52       0x46 ./Middlewares/Third_Party/FatFs/src/ff.o
 .text.st_word  0x08005e98       0x36 ./Middlewares/Third_Party/FatFs/src/ff.o
 .text.st_dword
                0x08005ece       0x58 ./Middlewares/Third_Party/FatFs/src/ff.o
 .text.mem_cpy  0x08005f26       0x42 ./Middlewares/Third_Party/FatFs/src/ff.o
 .text.mem_set  0x08005f68       0x36 ./Middlewares/Third_Party/FatFs/src/ff.o
 .text.mem_cmp  0x08005f9e       0x4e ./Middlewares/Third_Party/FatFs/src/ff.o
 .text.chk_chr  0x08005fec       0x36 ./Middlewares/Third_Party/FatFs/src/ff.o
 *fill*         0x08006022        0x2 
 .text.chk_lock
                0x08006024       0xb8 ./Middlewares/Third_Party/FatFs/src/ff.o
 .text.enq_lock
                0x080060dc       0x44 ./Middlewares/Third_Party/FatFs/src/ff.o
 .text.inc_lock
                0x08006120      0x11c ./Middlewares/Third_Party/FatFs/src/ff.o
 .text.dec_lock
                0x0800623c       0x78 ./Middlewares/Third_Party/FatFs/src/ff.o
 .text.clear_lock
                0x080062b4       0x48 ./Middlewares/Third_Party/FatFs/src/ff.o
 .text.sync_window
                0x080062fc       0x88 ./Middlewares/Third_Party/FatFs/src/ff.o
 .text.move_window
                0x08006384       0x5a ./Middlewares/Third_Party/FatFs/src/ff.o
 *fill*         0x080063de        0x2 
 .text.sync_fs  0x080063e0       0xdc ./Middlewares/Third_Party/FatFs/src/ff.o
 .text.clust2sect
                0x080064bc       0x3e ./Middlewares/Third_Party/FatFs/src/ff.o
 .text.get_fat  0x080064fa      0x14e ./Middlewares/Third_Party/FatFs/src/ff.o
 .text.put_fat  0x08006648      0x1d4 ./Middlewares/Third_Party/FatFs/src/ff.o
 .text.remove_chain
                0x0800681c       0xca ./Middlewares/Third_Party/FatFs/src/ff.o
 .text.create_chain
                0x080068e6      0x130 ./Middlewares/Third_Party/FatFs/src/ff.o
 .text.clmt_clust
                0x08006a16       0x68 ./Middlewares/Third_Party/FatFs/src/ff.o
 .text.dir_sdi  0x08006a7e       0xf6 ./Middlewares/Third_Party/FatFs/src/ff.o
 .text.dir_next
                0x08006b74      0x18a ./Middlewares/Third_Party/FatFs/src/ff.o
 .text.dir_alloc
                0x08006cfe       0x8e ./Middlewares/Third_Party/FatFs/src/ff.o
 .text.ld_clust
                0x08006d8c       0x3e ./Middlewares/Third_Party/FatFs/src/ff.o
 .text.st_clust
                0x08006dca       0x40 ./Middlewares/Third_Party/FatFs/src/ff.o
 .text.dir_read
                0x08006e0a       0xba ./Middlewares/Third_Party/FatFs/src/ff.o
 .text.dir_find
                0x08006ec4       0xaa ./Middlewares/Third_Party/FatFs/src/ff.o
 .text.dir_register
                0x08006f6e       0x64 ./Middlewares/Third_Party/FatFs/src/ff.o
 .text.dir_remove
                0x08006fd2       0x3c ./Middlewares/Third_Party/FatFs/src/ff.o
 .text.get_fileinfo
                0x0800700e       0xc0 ./Middlewares/Third_Party/FatFs/src/ff.o
 *fill*         0x080070ce        0x2 
 .text.create_name
                0x080070d0      0x128 ./Middlewares/Third_Party/FatFs/src/ff.o
 .text.follow_path
                0x080071f8       0xe2 ./Middlewares/Third_Party/FatFs/src/ff.o
 .text.get_ldnumber
                0x080072da       0x88 ./Middlewares/Third_Party/FatFs/src/ff.o
 *fill*         0x08007362        0x2 
 .text.check_fs
                0x08007364       0xac ./Middlewares/Third_Party/FatFs/src/ff.o
 .text.find_volume
                0x08007410      0x498 ./Middlewares/Third_Party/FatFs/src/ff.o
 .text.validate
                0x080078a8       0x6a ./Middlewares/Third_Party/FatFs/src/ff.o
 *fill*         0x08007912        0x2 
 .text.f_mount  0x08007914       0x8c ./Middlewares/Third_Party/FatFs/src/ff.o
                0x08007914                f_mount
 .text.f_open   0x080079a0      0x374 ./Middlewares/Third_Party/FatFs/src/ff.o
                0x080079a0                f_open
 .text.f_read   0x08007d14      0x27e ./Middlewares/Third_Party/FatFs/src/ff.o
                0x08007d14                f_read
 .text.f_write  0x08007f92      0x2ea ./Middlewares/Third_Party/FatFs/src/ff.o
                0x08007f92                f_write
 .text.f_sync   0x0800827c       0xfc ./Middlewares/Third_Party/FatFs/src/ff.o
                0x0800827c                f_sync
 .text.f_close  0x08008378       0x54 ./Middlewares/Third_Party/FatFs/src/ff.o
                0x08008378                f_close
 .text.f_opendir
                0x080083cc       0xe6 ./Middlewares/Third_Party/FatFs/src/ff.o
                0x080083cc                f_opendir
 .text.f_closedir
                0x080084b2       0x4c ./Middlewares/Third_Party/FatFs/src/ff.o
                0x080084b2                f_closedir
 .text.f_readdir
                0x080084fe       0x7a ./Middlewares/Third_Party/FatFs/src/ff.o
                0x080084fe                f_readdir
 .text.f_getfree
                0x08008578      0x16a ./Middlewares/Third_Party/FatFs/src/ff.o
                0x08008578                f_getfree
 .text.f_unlink
                0x080086e2      0x156 ./Middlewares/Third_Party/FatFs/src/ff.o
                0x080086e2                f_unlink
 .text.FATFS_LinkDriverEx
                0x08008838       0x98 ./Middlewares/Third_Party/FatFs/src/ff_gen_drv.o
                0x08008838                FATFS_LinkDriverEx
 .text.FATFS_LinkDriver
                0x080088d0       0x1e ./Middlewares/Third_Party/FatFs/src/ff_gen_drv.o
                0x080088d0                FATFS_LinkDriver
 *fill*         0x080088ee        0x2 
 .text.snprintf
                0x080088f0       0x6c C:/ST/STM32CubeIDE_2.2.0/STM32CubeIDE/plugins/com.st.stm32cube.ide.mcu.externaltools.gnu-tools-for-stm32.14.3.rel1.win32_1.0.100.202602081740/tools/bin/../lib/gcc/arm-none-eabi/14.3.1/../../../../arm-none-eabi/lib/thumb/v7e-m+fp/hard\libc_nano.a(libc_a-snprintf.o)
                0x080088f0                sniprintf
                0x080088f0                snprintf
 .text.sprintf  0x0800895c       0x44 C:/ST/STM32CubeIDE_2.2.0/STM32CubeIDE/plugins/com.st.stm32cube.ide.mcu.externaltools.gnu-tools-for-stm32.14.3.rel1.win32_1.0.100.202602081740/tools/bin/../lib/gcc/arm-none-eabi/14.3.1/../../../../arm-none-eabi/lib/thumb/v7e-m+fp/hard\libc_nano.a(libc_a-sprintf.o)
                0x0800895c                siprintf
                0x0800895c                sprintf
 .text._vsprintf_r
                0x080089a0       0x2c C:/ST/STM32CubeIDE_2.2.0/STM32CubeIDE/plugins/com.st.stm32cube.ide.mcu.externaltools.gnu-tools-for-stm32.14.3.rel1.win32_1.0.100.202602081740/tools/bin/../lib/gcc/arm-none-eabi/14.3.1/../../../../arm-none-eabi/lib/thumb/v7e-m+fp/hard\libc_nano.a(libc_a-vsprintf.o)
                0x080089a0                _vsprintf_r
                0x080089a0                _vsiprintf_r
 .text.vsprintf
                0x080089cc       0x14 C:/ST/STM32CubeIDE_2.2.0/STM32CubeIDE/plugins/com.st.stm32cube.ide.mcu.externaltools.gnu-tools-for-stm32.14.3.rel1.win32_1.0.100.202602081740/tools/bin/../lib/gcc/arm-none-eabi/14.3.1/../../../../arm-none-eabi/lib/thumb/v7e-m+fp/hard\libc_nano.a(libc_a-vsprintf.o)
                0x080089cc                vsiprintf
                0x080089cc                vsprintf
 .text.memset   0x080089e0       0x10 C:/ST/STM32CubeIDE_2.2.0/STM32CubeIDE/plugins/com.st.stm32cube.ide.mcu.externaltools.gnu-tools-for-stm32.14.3.rel1.win32_1.0.100.202602081740/tools/bin/../lib/gcc/arm-none-eabi/14.3.1/../../../../arm-none-eabi/lib/thumb/v7e-m+fp/hard\libc_nano.a(libc_a-memset.o)
                0x080089e0                memset
 .text.strcat   0x080089f0       0x1e C:/ST/STM32CubeIDE_2.2.0/STM32CubeIDE/plugins/com.st.stm32cube.ide.mcu.externaltools.gnu-tools-for-stm32.14.3.rel1.win32_1.0.100.202602081740/tools/bin/../lib/gcc/arm-none-eabi/14.3.1/../../../../arm-none-eabi/lib/thumb/v7e-m+fp/hard\libc_nano.a(libc_a-strcat.o)
                0x080089f0                strcat
 .text.strchr   0x08008a0e       0x1a C:/ST/STM32CubeIDE_2.2.0/STM32CubeIDE/plugins/com.st.stm32cube.ide.mcu.externaltools.gnu-tools-for-stm32.14.3.rel1.win32_1.0.100.202602081740/tools/bin/../lib/gcc/arm-none-eabi/14.3.1/../../../../arm-none-eabi/lib/thumb/v7e-m+fp/hard\libc_nano.a(libc_a-strchr.o)
                0x08008a0e                strchr
 .text.strncat  0x08008a28       0x26 C:/ST/STM32CubeIDE_2.2.0/STM32CubeIDE/plugins/com.st.stm32cube.ide.mcu.externaltools.gnu-tools-for-stm32.14.3.rel1.win32_1.0.100.202602081740/tools/bin/../lib/gcc/arm-none-eabi/14.3.1/../../../../arm-none-eabi/lib/thumb/v7e-m+fp/hard\libc_nano.a(libc_a-strncat.o)
                0x08008a28                strncat
 .text.strncpy  0x08008a4e       0x26 C:/ST/STM32CubeIDE_2.2.0/STM32CubeIDE/plugins/com.st.stm32cube.ide.mcu.externaltools.gnu-tools-for-stm32.14.3.rel1.win32_1.0.100.202602081740/tools/bin/../lib/gcc/arm-none-eabi/14.3.1/../../../../arm-none-eabi/lib/thumb/v7e-m+fp/hard\libc_nano.a(libc_a-strncpy.o)
                0x08008a4e                strncpy
 .text.__errno  0x08008a74        0xc C:/ST/STM32CubeIDE_2.2.0/STM32CubeIDE/plugins/com.st.stm32cube.ide.mcu.externaltools.gnu-tools-for-stm32.14.3.rel1.win32_1.0.100.202602081740/tools/bin/../lib/gcc/arm-none-eabi/14.3.1/../../../../arm-none-eabi/lib/thumb/v7e-m+fp/hard\libc_nano.a(libc_a-errno.o)
                0x08008a74                __errno
 .text.__libc_init_array
                0x08008a80       0x48 C:/ST/STM32CubeIDE_2.2.0/STM32CubeIDE/plugins/com.st.stm32cube.ide.mcu.externaltools.gnu-tools-for-stm32.14.3.rel1.win32_1.0.100.202602081740/tools/bin/../lib/gcc/arm-none-eabi/14.3.1/../../../../arm-none-eabi/lib/thumb/v7e-m+fp/hard\libc_nano.a(libc_a-init.o)
                0x08008a80                __libc_init_array
 .text.__retarget_lock_acquire_recursive
                0x08008ac8        0x2 C:/ST/STM32CubeIDE_2.2.0/STM32CubeIDE/plugins/com.st.stm32cube.ide.mcu.externaltools.gnu-tools-for-stm32.14.3.rel1.win32_1.0.100.202602081740/tools/bin/../lib/gcc/arm-none-eabi/14.3.1/../../../../arm-none-eabi/lib/thumb/v7e-m+fp/hard\libc_nano.a(libc_a-lock.o)
                0x08008ac8                __retarget_lock_acquire_recursive
 .text.__retarget_lock_release_recursive
                0x08008aca        0x2 C:/ST/STM32CubeIDE_2.2.0/STM32CubeIDE/plugins/com.st.stm32cube.ide.mcu.externaltools.gnu-tools-for-stm32.14.3.rel1.win32_1.0.100.202602081740/tools/bin/../lib/gcc/arm-none-eabi/14.3.1/../../../../arm-none-eabi/lib/thumb/v7e-m+fp/hard\libc_nano.a(libc_a-lock.o)
                0x08008aca                __retarget_lock_release_recursive
 .text.strcpy   0x08008acc       0x10 C:/ST/STM32CubeIDE_2.2.0/STM32CubeIDE/plugins/com.st.stm32cube.ide.mcu.externaltools.gnu-tools-for-stm32.14.3.rel1.win32_1.0.100.202602081740/tools/bin/../lib/gcc/arm-none-eabi/14.3.1/../../../../arm-none-eabi/lib/thumb/v7e-m+fp/hard\libc_nano.a(libc_a-strcpy.o)
                0x08008acc                strcpy
 .text._free_r  0x08008adc       0x94 C:/ST/STM32CubeIDE_2.2.0/STM32CubeIDE/plugins/com.st.stm32cube.ide.mcu.externaltools.gnu-tools-for-stm32.14.3.rel1.win32_1.0.100.202602081740/tools/bin/../lib/gcc/arm-none-eabi/14.3.1/../../../../arm-none-eabi/lib/thumb/v7e-m+fp/hard\libc_nano.a(libc_a-freer.o)
                0x08008adc                _free_r
 .text.sbrk_aligned
                0x08008b70       0x44 C:/ST/STM32CubeIDE_2.2.0/STM32CubeIDE/plugins/com.st.stm32cube.ide.mcu.externaltools.gnu-tools-for-stm32.14.3.rel1.win32_1.0.100.202602081740/tools/bin/../lib/gcc/arm-none-eabi/14.3.1/../../../../arm-none-eabi/lib/thumb/v7e-m+fp/hard\libc_nano.a(libc_a-mallocr.o)
 .text._malloc_r
                0x08008bb4      0x100 C:/ST/STM32CubeIDE_2.2.0/STM32CubeIDE/plugins/com.st.stm32cube.ide.mcu.externaltools.gnu-tools-for-stm32.14.3.rel1.win32_1.0.100.202602081740/tools/bin/../lib/gcc/arm-none-eabi/14.3.1/../../../../arm-none-eabi/lib/thumb/v7e-m+fp/hard\libc_nano.a(libc_a-mallocr.o)
                0x08008bb4                _malloc_r
 .text.__malloc_lock
                0x08008cb4        0xc C:/ST/STM32CubeIDE_2.2.0/STM32CubeIDE/plugins/com.st.stm32cube.ide.mcu.externaltools.gnu-tools-for-stm32.14.3.rel1.win32_1.0.100.202602081740/tools/bin/../lib/gcc/arm-none-eabi/14.3.1/../../../../arm-none-eabi/lib/thumb/v7e-m+fp/hard\libc_nano.a(libc_a-mlock.o)
                0x08008cb4                __malloc_lock
 .text.__malloc_unlock
                0x08008cc0        0xc C:/ST/STM32CubeIDE_2.2.0/STM32CubeIDE/plugins/com.st.stm32cube.ide.mcu.externaltools.gnu-tools-for-stm32.14.3.rel1.win32_1.0.100.202602081740/tools/bin/../lib/gcc/arm-none-eabi/14.3.1/../../../../arm-none-eabi/lib/thumb/v7e-m+fp/hard\libc_nano.a(libc_a-mlock.o)
                0x08008cc0                __malloc_unlock
 .text.__ssputs_r
                0x08008ccc       0xc0 C:/ST/STM32CubeIDE_2.2.0/STM32CubeIDE/plugins/com.st.stm32cube.ide.mcu.externaltools.gnu-tools-for-stm32.14.3.rel1.win32_1.0.100.202602081740/tools/bin/../lib/gcc/arm-none-eabi/14.3.1/../../../../arm-none-eabi/lib/thumb/v7e-m+fp/hard\libc_nano.a(libc_a-nano-svfprintf.o)
                0x08008ccc                __ssputs_r
 .text._svfprintf_r
                0x08008d8c      0x1f0 C:/ST/STM32CubeIDE_2.2.0/STM32CubeIDE/plugins/com.st.stm32cube.ide.mcu.externaltools.gnu-tools-for-stm32.14.3.rel1.win32_1.0.100.202602081740/tools/bin/../lib/gcc/arm-none-eabi/14.3.1/../../../../arm-none-eabi/lib/thumb/v7e-m+fp/hard\libc_nano.a(libc_a-nano-svfprintf.o)
                0x08008d8c                _svfiprintf_r
                0x08008d8c                _svfprintf_r
 .text._printf_common
                0x08008f7c       0xda C:/ST/STM32CubeIDE_2.2.0/STM32CubeIDE/plugins/com.st.stm32cube.ide.mcu.externaltools.gnu-tools-for-stm32.14.3.rel1.win32_1.0.100.202602081740/tools/bin/../lib/gcc/arm-none-eabi/14.3.1/../../../../arm-none-eabi/lib/thumb/v7e-m+fp/hard\libc_nano.a(libc_a-nano-vfprintf_i.o)
                0x08008f7c                _printf_common
 *fill*         0x08009056        0x2 
 .text._printf_i
                0x08009058      0x24c C:/ST/STM32CubeIDE_2.2.0/STM32CubeIDE/plugins/com.st.stm32cube.ide.mcu.externaltools.gnu-tools-for-stm32.14.3.rel1.win32_1.0.100.202602081740/tools/bin/../lib/gcc/arm-none-eabi/14.3.1/../../../../arm-none-eabi/lib/thumb/v7e-m+fp/hard\libc_nano.a(libc_a-nano-vfprintf_i.o)
                0x08009058                _printf_i
 .text.memmove  0x080092a4       0x32 C:/ST/STM32CubeIDE_2.2.0/STM32CubeIDE/plugins/com.st.stm32cube.ide.mcu.externaltools.gnu-tools-for-stm32.14.3.rel1.win32_1.0.100.202602081740/tools/bin/../lib/gcc/arm-none-eabi/14.3.1/../../../../arm-none-eabi/lib/thumb/v7e-m+fp/hard\libc_nano.a(libc_a-memmove.o)
                0x080092a4                memmove
 *fill*         0x080092d6        0x2 
 .text._sbrk_r  0x080092d8       0x20 C:/ST/STM32CubeIDE_2.2.0/STM32CubeIDE/plugins/com.st.stm32cube.ide.mcu.externaltools.gnu-tools-for-stm32.14.3.rel1.win32_1.0.100.202602081740/tools/bin/../lib/gcc/arm-none-eabi/14.3.1/../../../../arm-none-eabi/lib/thumb/v7e-m+fp/hard\libc_nano.a(libc_a-sbrkr.o)
                0x080092d8                _sbrk_r
 .text.memcpy   0x080092f8       0x1c C:/ST/STM32CubeIDE_2.2.0/STM32CubeIDE/plugins/com.st.stm32cube.ide.mcu.externaltools.gnu-tools-for-stm32.14.3.rel1.win32_1.0.100.202602081740/tools/bin/../lib/gcc/arm-none-eabi/14.3.1/../../../../arm-none-eabi/lib/thumb/v7e-m+fp/hard\libc_nano.a(libc_a-memcpy-stub.o)
                0x080092f8                memcpy
 .text._realloc_r
                0x08009314       0x5c C:/ST/STM32CubeIDE_2.2.0/STM32CubeIDE/plugins/com.st.stm32cube.ide.mcu.externaltools.gnu-tools-for-stm32.14.3.rel1.win32_1.0.100.202602081740/tools/bin/../lib/gcc/arm-none-eabi/14.3.1/../../../../arm-none-eabi/lib/thumb/v7e-m+fp/hard\libc_nano.a(libc_a-reallocr.o)
                0x08009314                _realloc_r
 .text._malloc_usable_size_r
                0x08009370       0x10 C:/ST/STM32CubeIDE_2.2.0/STM32CubeIDE/plugins/com.st.stm32cube.ide.mcu.externaltools.gnu-tools-for-stm32.14.3.rel1.win32_1.0.100.202602081740/tools/bin/../lib/gcc/arm-none-eabi/14.3.1/../../../../arm-none-eabi/lib/thumb/v7e-m+fp/hard\libc_nano.a(libc_a-msizer.o)
                0x08009370                _malloc_usable_size_r
 *(.glue_7)
 .glue_7        0x08009380        0x0 linker stubs
 *(.glue_7t)
 .glue_7t       0x08009380        0x0 linker stubs
 *(.eh_frame)
 .eh_frame      0x08009380        0x0 C:/ST/STM32CubeIDE_2.2.0/STM32CubeIDE/plugins/com.st.stm32cube.ide.mcu.externaltools.gnu-tools-for-stm32.14.3.rel1.win32_1.0.100.202602081740/tools/bin/../lib/gcc/arm-none-eabi/14.3.1/thumb/v7e-m+fp/hard/crtbegin.o
 *(.init)
 .init          0x08009380        0x4 C:/ST/STM32CubeIDE_2.2.0/STM32CubeIDE/plugins/com.st.stm32cube.ide.mcu.externaltools.gnu-tools-for-stm32.14.3.rel1.win32_1.0.100.202602081740/tools/bin/../lib/gcc/arm-none-eabi/14.3.1/thumb/v7e-m+fp/hard/crti.o
                0x08009380                _init
 .init          0x08009384        0x8 C:/ST/STM32CubeIDE_2.2.0/STM32CubeIDE/plugins/com.st.stm32cube.ide.mcu.externaltools.gnu-tools-for-stm32.14.3.rel1.win32_1.0.100.202602081740/tools/bin/../lib/gcc/arm-none-eabi/14.3.1/thumb/v7e-m+fp/hard/crtn.o
 *(.fini)
 .fini          0x0800938c        0x4 C:/ST/STM32CubeIDE_2.2.0/STM32CubeIDE/plugins/com.st.stm32cube.ide.mcu.externaltools.gnu-tools-for-stm32.14.3.rel1.win32_1.0.100.202602081740/tools/bin/../lib/gcc/arm-none-eabi/14.3.1/thumb/v7e-m+fp/hard/crti.o
                0x0800938c                _fini
 .fini          0x08009390        0x8 C:/ST/STM32CubeIDE_2.2.0/STM32CubeIDE/plugins/com.st.stm32cube.ide.mcu.externaltools.gnu-tools-for-stm32.14.3.rel1.win32_1.0.100.202602081740/tools/bin/../lib/gcc/arm-none-eabi/14.3.1/thumb/v7e-m+fp/hard/crtn.o
                0x08009398                        . = ALIGN (0x4)
                0x08009398                        _etext = .

.vfp11_veneer   0x08009398        0x0
 .vfp11_veneer  0x08009398        0x0 linker stubs

.v4_bx          0x08009398        0x0
 .v4_bx         0x08009398        0x0 linker stubs

.iplt           0x08009398        0x0
 .iplt          0x08009398        0x0 C:/ST/STM32CubeIDE_2.2.0/STM32CubeIDE/plugins/com.st.stm32cube.ide.mcu.externaltools.gnu-tools-for-stm32.14.3.rel1.win32_1.0.100.202602081740/tools/bin/../lib/gcc/arm-none-eabi/14.3.1/thumb/v7e-m+fp/hard/crtbegin.o

.rodata         0x08009398      0x564
                0x08009398                        . = ALIGN (0x4)
 *(.rodata)
 .rodata        0x08009398      0x1e6 ./Core/Src/app_main.o
 *fill*         0x0800957e        0x2 
 .rodata        0x08009580      0x23a ./Core/Src/commands.o
 *fill*         0x080097ba        0x2 
 .rodata        0x080097bc       0x44 ./Middlewares/Third_Party/FatFs/src/ff.o
 *(.rodata*)
 .rodata.AHBPrescTable
                0x08009800       0x10 ./Core/Src/system_stm32l4xx.o
                0x08009800                AHBPrescTable
 .rodata.APBPrescTable
                0x08009810        0x8 ./Core/Src/system_stm32l4xx.o
                0x08009810                APBPrescTable
 .rodata.MSIRangeTable
                0x08009818       0x30 ./Core/Src/system_stm32l4xx.o
                0x08009818                MSIRangeTable
 .rodata.ExCvt  0x08009848       0x80 ./Middlewares/Third_Party/FatFs/src/ff.o
 .rodata._svfprintf_r.str1.1
                0x080098c8       0x33 C:/ST/STM32CubeIDE_2.2.0/STM32CubeIDE/plugins/com.st.stm32cube.ide.mcu.externaltools.gnu-tools-for-stm32.14.3.rel1.win32_1.0.100.202602081740/tools/bin/../lib/gcc/arm-none-eabi/14.3.1/../../../../arm-none-eabi/lib/thumb/v7e-m+fp/hard\libc_nano.a(libc_a-nano-svfprintf.o)
                                 0x11 (size before relaxing)
 .rodata._printf_i.str1.1
                0x080098fb       0x22 C:/ST/STM32CubeIDE_2.2.0/STM32CubeIDE/plugins/com.st.stm32cube.ide.mcu.externaltools.gnu-tools-for-stm32.14.3.rel1.win32_1.0.100.202602081740/tools/bin/../lib/gcc/arm-none-eabi/14.3.1/../../../../arm-none-eabi/lib/thumb/v7e-m+fp/hard\libc_nano.a(libc_a-nano-vfprintf_i.o)
                0x08009920                        . = ALIGN (0x4)
 *fill*         0x080098fb        0x1 

.ARM.extab      0x080098fc        0x0
                0x080098fc                        . = ALIGN (0x4)
 *(.ARM.extab* .gnu.linkonce.armextab.*)
                0x080098fc                        . = ALIGN (0x4)

.ARM            0x080098fc        0x8
                0x080098fc                        . = ALIGN (0x4)
                0x080098fc                        __exidx_start = .
 *(.ARM.exidx*)
 .ARM.exidx     0x080098fc        0x8 C:/ST/STM32CubeIDE_2.2.0/STM32CubeIDE/plugins/com.st.stm32cube.ide.mcu.externaltools.gnu-tools-for-stm32.14.3.rel1.win32_1.0.100.202602081740/tools/bin/../lib/gcc/arm-none-eabi/14.3.1/../../../../arm-none-eabi/lib/thumb/v7e-m+fp/hard\libc_nano.a(libc_a-strlen.o)
 .ARM.exidx     0x08009904        0x0 C:/ST/STM32CubeIDE_2.2.0/STM32CubeIDE/plugins/com.st.stm32cube.ide.mcu.externaltools.gnu-tools-for-stm32.14.3.rel1.win32_1.0.100.202602081740/tools/bin/../lib/gcc/arm-none-eabi/14.3.1/../../../../arm-none-eabi/lib/thumb/v7e-m+fp/hard\libc_nano.a(libc_a-memchr.o)
                                  0x8 (size before relaxing)
 .ARM.exidx     0x08009904        0x0 C:/ST/STM32CubeIDE_2.2.0/STM32CubeIDE/plugins/com.st.stm32cube.ide.mcu.externaltools.gnu-tools-for-stm32.14.3.rel1.win32_1.0.100.202602081740/tools/bin/../lib/gcc/arm-none-eabi/14.3.1/thumb/v7e-m+fp/hard\libgcc.a(_udivmoddi4.o)
                                  0x8 (size before relaxing)
                0x08009904                        __exidx_end = .
                0x08009904                        . = ALIGN (0x4)

.preinit_array  0x08009904        0x0
                0x08009904                        . = ALIGN (0x4)
                0x08009904                        PROVIDE (__preinit_array_start = .)
 *(.preinit_array*)
                0x08009904                        PROVIDE (__preinit_array_end = .)
                0x08009904                        . = ALIGN (0x4)

.init_array     0x08009904        0x4
                0x08009904                        . = ALIGN (0x4)
                0x08009904                        PROVIDE (__init_array_start = .)
 *(SORT_BY_NAME(.init_array.*))
 *(.init_array*)
 .init_array    0x08009904        0x4 C:/ST/STM32CubeIDE_2.2.0/STM32CubeIDE/plugins/com.st.stm32cube.ide.mcu.externaltools.gnu-tools-for-stm32.14.3.rel1.win32_1.0.100.202602081740/tools/bin/../lib/gcc/arm-none-eabi/14.3.1/thumb/v7e-m+fp/hard/crtbegin.o
                0x08009908                        PROVIDE (__init_array_end = .)
                0x08009908                        . = ALIGN (0x4)

.fini_array     0x08009908        0x4
                0x08009908                        . = ALIGN (0x4)
                [!provide]                        PROVIDE (__fini_array_start = .)
 *(SORT_BY_NAME(.fini_array.*))
 *(.fini_array*)
 .fini_array    0x08009908        0x4 C:/ST/STM32CubeIDE_2.2.0/STM32CubeIDE/plugins/com.st.stm32cube.ide.mcu.externaltools.gnu-tools-for-stm32.14.3.rel1.win32_1.0.100.202602081740/tools/bin/../lib/gcc/arm-none-eabi/14.3.1/thumb/v7e-m+fp/hard/crtbegin.o
                [!provide]                        PROVIDE (__fini_array_end = .)
                0x0800990c                        . = ALIGN (0x4)
                0x0800990c                        _sidata = LOADADDR (.data)

.rel.dyn        0x0800990c        0x0
 .rel.iplt      0x0800990c        0x0 C:/ST/STM32CubeIDE_2.2.0/STM32CubeIDE/plugins/com.st.stm32cube.ide.mcu.externaltools.gnu-tools-for-stm32.14.3.rel1.win32_1.0.100.202602081740/tools/bin/../lib/gcc/arm-none-eabi/14.3.1/thumb/v7e-m+fp/hard/crtbegin.o

.data           0x20000000       0x74 load address 0x0800990c
                0x20000000                        . = ALIGN (0x4)
                0x20000000                        _sdata = .
 *(.data)
 *(.data*)
 .data.SystemCoreClock
                0x20000000        0x4 ./Core/Src/system_stm32l4xx.o
                0x20000000                SystemCoreClock
 .data.LED_PORT
                0x20000004        0x4 ./Drivers/BSP/STM32L4xx_Nucleo_32/stm32l4xx_nucleo_32.o
                0x20000004                LED_PORT
 .data.uwTickPrio
                0x20000008        0x4 ./Drivers/STM32L4xx_HAL_Driver/Src/stm32l4xx_hal.o
                0x20000008                uwTickPrio
 .data.uwTickFreq
                0x2000000c        0x1 ./Drivers/STM32L4xx_HAL_Driver/Src/stm32l4xx_hal.o
                0x2000000c                uwTickFreq
 .data.Stat     0x2000000d        0x1 ./FATFS/Target/user_diskio.o
 *fill*         0x2000000e        0x2 
 .data.USER_Driver
                0x20000010       0x14 ./FATFS/Target/user_diskio.o
                0x20000010                USER_Driver
 .data._impure_ptr
                0x20000024        0x4 C:/ST/STM32CubeIDE_2.2.0/STM32CubeIDE/plugins/com.st.stm32cube.ide.mcu.externaltools.gnu-tools-for-stm32.14.3.rel1.win32_1.0.100.202602081740/tools/bin/../lib/gcc/arm-none-eabi/14.3.1/../../../../arm-none-eabi/lib/thumb/v7e-m+fp/hard\libc_nano.a(libc_a-impure.o)
                0x20000024                _impure_ptr
 .data._impure_data
                0x20000028       0x4c C:/ST/STM32CubeIDE_2.2.0/STM32CubeIDE/plugins/com.st.stm32cube.ide.mcu.externaltools.gnu-tools-for-stm32.14.3.rel1.win32_1.0.100.202602081740/tools/bin/../lib/gcc/arm-none-eabi/14.3.1/../../../../arm-none-eabi/lib/thumb/v7e-m+fp/hard\libc_nano.a(libc_a-impure.o)
                0x20000028                _impure_data
 *(.RamFunc)
 *(.RamFunc*)
                0x20000074                        . = ALIGN (0x4)
                0x20000074                        _edata = .

.igot.plt       0x20000074        0x0 load address 0x08009980
 .igot.plt      0x20000074        0x0 C:/ST/STM32CubeIDE_2.2.0/STM32CubeIDE/plugins/com.st.stm32cube.ide.mcu.externaltools.gnu-tools-for-stm32.14.3.rel1.win32_1.0.100.202602081740/tools/bin/../lib/gcc/arm-none-eabi/14.3.1/thumb/v7e-m+fp/hard/crtbegin.o
                0x20000074                        . = ALIGN (0x4)

.bss            0x20000074     0xb524 load address 0x08009980
                0x20000074                        _sbss = .
                0x20000074                        __bss_start__ = _sbss
 *(.bss)
 .bss           0x20000074       0x1c C:/ST/STM32CubeIDE_2.2.0/STM32CubeIDE/plugins/com.st.stm32cube.ide.mcu.externaltools.gnu-tools-for-stm32.14.3.rel1.win32_1.0.100.202602081740/tools/bin/../lib/gcc/arm-none-eabi/14.3.1/thumb/v7e-m+fp/hard/crtbegin.o
 *(.bss*)
 .bss.highNibbleIn
                0x20000090        0x1 ./Core/Src/app_main.o
                0x20000090                highNibbleIn
 .bss.highNibbleOut
                0x20000091        0x1 ./Core/Src/app_main.o
                0x20000091                highNibbleOut
 .bss.dataOutByte
                0x20000092        0x1 ./Core/Src/app_main.o
                0x20000092                dataOutByte
 *fill*         0x20000093        0x1 
 .bss.outDataGetPosition
                0x20000094        0x2 ./Core/Src/app_main.o
                0x20000094                outDataGetPosition
 .bss.checksum  0x20000096        0x1 ./Core/Src/app_main.o
                0x20000096                checksum
 *fill*         0x20000097        0x1 
 .bss.debuglock
                0x20000098        0x2 ./Core/Src/app_main.o
                0x20000098                debuglock
 *fill*         0x2000009a        0x2 
 .bss.ackOffTimestamp
                0x2000009c        0x4 ./Core/Src/app_main.o
                0x2000009c                ackOffTimestamp
 .bss.ackOffActive
                0x200000a0        0x1 ./Core/Src/app_main.o
                0x200000a0                ackOffActive
 *fill*         0x200000a1        0x3 
 .bss.inDataReadyTimestamp
                0x200000a4        0x4 ./Core/Src/app_main.o
                0x200000a4                inDataReadyTimestamp
 .bss.inDataReadyActive
                0x200000a8        0x1 ./Core/Src/app_main.o
                0x200000a8                inDataReadyActive
 *fill*         0x200000a9        0x3 
 .bss.debugDumpTimestamp
                0x200000ac        0x4 ./Core/Src/app_main.o
                0x200000ac                debugDumpTimestamp
 .bss.debugBuf  0x200000b0      0x400 ./Core/Src/app_main.o
                0x200000b0                debugBuf
 .bss.sio_buf   0x200004b0       0x50 ./Core/Src/app_main.o
                0x200004b0                sio_buf
 .bss.sio_pos   0x20000500        0x4 ./Core/Src/app_main.o
                0x20000500                sio_pos
 .bss.rxChar    0x20000504        0x1 ./Core/Src/app_main.o
                0x20000504                rxChar
 *fill*         0x20000505        0x3 
 .bss.inDataBuf
                0x20000508      0x7d0 ./Core/Src/commands.o
                0x20000508                inDataBuf
 .bss.outDataBuf
                0x20000cd8     0x9470 ./Core/Src/commands.o
                0x20000cd8                outDataBuf
 .bss.inBufPosition
                0x2000a148        0x2 ./Core/Src/commands.o
                0x2000a148                inBufPosition
 .bss.outDataPutPosition
                0x2000a14a        0x2 ./Core/Src/commands.o
                0x2000a14a                outDataPutPosition
 .bss.cmdComplete
                0x2000a14c        0x1 ./Core/Src/commands.o
                0x2000a14c                cmdComplete
 .bss.skipDeviceCode
                0x2000a14d        0x1 ./Core/Src/commands.o
                0x2000a14d                skipDeviceCode
 *fill*         0x2000a14e        0x2 
 .bss.open_files
                0x2000a150      0xd50 ./Core/Src/commands.o
                0x2000a150                open_files
 .bss.out_checksum
                0x2000aea0        0x1 ./Core/Src/commands.o
                0x2000aea0                out_checksum
 *fill*         0x2000aea1        0x3 
 .bss.staticFile
                0x2000aea4      0x230 ./Core/Src/commands.o
                0x2000aea4                staticFile
 .bss.staticFileOpen
                0x2000b0d4        0x1 ./Core/Src/commands.o
                0x2000b0d4                staticFileOpen
 *fill*         0x2000b0d5        0x3 
 .bss.fileCount
                0x2000b0d8        0x4 ./Core/Src/commands.o
                0x2000b0d8                fileCount
 .bss.FileName  0x2000b0dc       0x20 ./Core/Src/commands.o
                0x2000b0dc                FileName
 .bss.file_size
                0x2000b0fc        0x4 ./Core/Src/commands.o
                0x2000b0fc                file_size
 .bss.file_pos  0x2000b100        0x4 ./Core/Src/commands.o
                0x2000b100                file_pos
 .bss.FatFs     0x2000b104      0x230 ./Core/Src/commands.o
                0x2000b104                FatFs
 .bss.cur_fn    0x2000b334        0x1 ./Core/Src/commands.o
                0x2000b334                cur_fn
 *fill*         0x2000b335        0x3 
 .bss.huart2    0x2000b338       0x88 ./Core/Src/main.o
                0x2000b338                huart2
 .bss.htim6     0x2000b3c0       0x4c ./Core/Src/stm32l4xx_hal_timebase_tim.o
                0x2000b3c0                htim6
 .bss.__sbrk_heap_end
                0x2000b40c        0x4 ./Core/Src/sysmem.o
 .bss.uwTick    0x2000b410        0x4 ./Drivers/STM32L4xx_HAL_Driver/Src/stm32l4xx_hal.o
                0x2000b410                uwTick
 .bss.retUSER   0x2000b414        0x1 ./FATFS/App/fatfs.o
                0x2000b414                retUSER
 *fill*         0x2000b415        0x3 
 .bss.USERPath  0x2000b418        0x4 ./FATFS/App/fatfs.o
                0x2000b418                USERPath
 .bss.FatFs     0x2000b41c        0x4 ./Middlewares/Third_Party/FatFs/src/ff.o
 .bss.Fsid      0x2000b420        0x2 ./Middlewares/Third_Party/FatFs/src/ff.o
 *fill*         0x2000b422        0x2 
 .bss.Files     0x2000b424       0x20 ./Middlewares/Third_Party/FatFs/src/ff.o
 .bss.disk      0x2000b444        0xc ./Middlewares/Third_Party/FatFs/src/ff_gen_drv.o
                0x2000b444                disk
 .bss.__sf      0x2000b450      0x138 C:/ST/STM32CubeIDE_2.2.0/STM32CubeIDE/plugins/com.st.stm32cube.ide.mcu.externaltools.gnu-tools-for-stm32.14.3.rel1.win32_1.0.100.202602081740/tools/bin/../lib/gcc/arm-none-eabi/14.3.1/../../../../arm-none-eabi/lib/thumb/v7e-m+fp/hard\libc_nano.a(libc_a-findfp.o)
                0x2000b450                __sf
 .bss.errno     0x2000b588        0x4 C:/ST/STM32CubeIDE_2.2.0/STM32CubeIDE/plugins/com.st.stm32cube.ide.mcu.externaltools.gnu-tools-for-stm32.14.3.rel1.win32_1.0.100.202602081740/tools/bin/../lib/gcc/arm-none-eabi/14.3.1/../../../../arm-none-eabi/lib/thumb/v7e-m+fp/hard\libc_nano.a(libc_a-reent.o)
                0x2000b588                errno
 .bss.__lock___malloc_recursive_mutex
                0x2000b58c        0x1 C:/ST/STM32CubeIDE_2.2.0/STM32CubeIDE/plugins/com.st.stm32cube.ide.mcu.externaltools.gnu-tools-for-stm32.14.3.rel1.win32_1.0.100.202602081740/tools/bin/../lib/gcc/arm-none-eabi/14.3.1/../../../../arm-none-eabi/lib/thumb/v7e-m+fp/hard\libc_nano.a(libc_a-lock.o)
                0x2000b58c                __lock___malloc_recursive_mutex
 *fill*         0x2000b58d        0x3 
 .bss.__malloc_sbrk_start
                0x2000b590        0x4 C:/ST/STM32CubeIDE_2.2.0/STM32CubeIDE/plugins/com.st.stm32cube.ide.mcu.externaltools.gnu-tools-for-stm32.14.3.rel1.win32_1.0.100.202602081740/tools/bin/../lib/gcc/arm-none-eabi/14.3.1/../../../../arm-none-eabi/lib/thumb/v7e-m+fp/hard\libc_nano.a(libc_a-mallocr.o)
                0x2000b590                __malloc_sbrk_start
 .bss.__malloc_free_list
                0x2000b594        0x4 C:/ST/STM32CubeIDE_2.2.0/STM32CubeIDE/plugins/com.st.stm32cube.ide.mcu.externaltools.gnu-tools-for-stm32.14.3.rel1.win32_1.0.100.202602081740/tools/bin/../lib/gcc/arm-none-eabi/14.3.1/../../../../arm-none-eabi/lib/thumb/v7e-m+fp/hard\libc_nano.a(libc_a-mallocr.o)
                0x2000b594                __malloc_free_list
 *(COMMON)
                0x2000b598                        . = ALIGN (0x4)
                0x2000b598                        _ebss = .
                0x2000b598                        __bss_end__ = _ebss

._user_heap_stack
                0x2000b598      0x600 load address 0x08009980
                0x2000b598                        . = ALIGN (0x8)
                [!provide]                        PROVIDE (end = .)
                0x2000b598                        PROVIDE (_end = .)
                0x2000b798                        . = (. + _Min_Heap_Size)
 *fill*         0x2000b598      0x200 
                0x2000bb98                        . = (. + _Min_Stack_Size)
 *fill*         0x2000b798      0x400 
                0x2000bb98                        . = ALIGN (0x8)

/DISCARD/
 libc.a(*)
 libm.a(*)
 libgcc.a(*)

.ARM.attributes
                0x00000000       0x30
 *(.ARM.attributes)
 .ARM.attributes
                0x00000000       0x22 C:/ST/STM32CubeIDE_2.2.0/STM32CubeIDE/plugins/com.st.stm32cube.ide.mcu.externaltools.gnu-tools-for-stm32.14.3.rel1.win32_1.0.100.202602081740/tools/bin/../lib/gcc/arm-none-eabi/14.3.1/thumb/v7e-m+fp/hard/crti.o
 .ARM.attributes
                0x00000022       0x34 C:/ST/STM32CubeIDE_2.2.0/STM32CubeIDE/plugins/com.st.stm32cube.ide.mcu.externaltools.gnu-tools-for-stm32.14.3.rel1.win32_1.0.100.202602081740/tools/bin/../lib/gcc/arm-none-eabi/14.3.1/thumb/v7e-m+fp/hard/crtbegin.o
 .ARM.attributes
                0x00000056       0x34 ./Core/Src/app_main.o
 .ARM.attributes
                0x0000008a       0x34 ./Core/Src/commands.o
 .ARM.attributes
                0x000000be       0x34 ./Core/Src/main.o
 .ARM.attributes
                0x000000f2       0x34 ./Core/Src/stm32l4xx_hal_msp.o
 .ARM.attributes
                0x00000126       0x34 ./Core/Src/stm32l4xx_hal_timebase_tim.o
 .ARM.attributes
                0x0000015a       0x34 ./Core/Src/stm32l4xx_it.o
 .ARM.attributes
                0x0000018e       0x34 ./Core/Src/sysmem.o
 .ARM.attributes
                0x000001c2       0x34 ./Core/Src/system_stm32l4xx.o
 .ARM.attributes
                0x000001f6       0x21 ./Core/Startup/startup_stm32l432kcux.o
 .ARM.attributes
                0x00000217       0x34 ./Drivers/BSP/STM32L4xx_Nucleo_32/stm32l4xx_nucleo_32.o
 .ARM.attributes
                0x0000024b       0x34 ./Drivers/STM32L4xx_HAL_Driver/Src/stm32l4xx_hal.o
 .ARM.attributes
                0x0000027f       0x34 ./Drivers/STM32L4xx_HAL_Driver/Src/stm32l4xx_hal_cortex.o
 .ARM.attributes
                0x000002b3       0x34 ./Drivers/STM32L4xx_HAL_Driver/Src/stm32l4xx_hal_gpio.o
 .ARM.attributes
                0x000002e7       0x34 ./Drivers/STM32L4xx_HAL_Driver/Src/stm32l4xx_hal_pwr_ex.o
 .ARM.attributes
                0x0000031b       0x34 ./Drivers/STM32L4xx_HAL_Driver/Src/stm32l4xx_hal_rcc.o
 .ARM.attributes
                0x0000034f       0x34 ./Drivers/STM32L4xx_HAL_Driver/Src/stm32l4xx_hal_rcc_ex.o
 .ARM.attributes
                0x00000383       0x34 ./Drivers/STM32L4xx_HAL_Driver/Src/stm32l4xx_hal_tim.o
 .ARM.attributes
                0x000003b7       0x34 ./Drivers/STM32L4xx_HAL_Driver/Src/stm32l4xx_hal_tim_ex.o
 .ARM.attributes
                0x000003eb       0x34 ./Drivers/STM32L4xx_HAL_Driver/Src/stm32l4xx_hal_uart.o
 .ARM.attributes
                0x0000041f       0x34 ./FATFS/App/fatfs.o
 .ARM.attributes
                0x00000453       0x34 ./FATFS/Target/user_diskio.o
 .ARM.attributes
                0x00000487       0x34 ./Middlewares/Third_Party/FatFs/src/diskio.o
 .ARM.attributes
                0x000004bb       0x34 ./Middlewares/Third_Party/FatFs/src/ff.o
 .ARM.attributes
                0x000004ef       0x34 ./Middlewares/Third_Party/FatFs/src/ff_gen_drv.o
 .ARM.attributes
                0x00000523       0x34 C:/ST/STM32CubeIDE_2.2.0/STM32CubeIDE/plugins/com.st.stm32cube.ide.mcu.externaltools.gnu-tools-for-stm32.14.3.rel1.win32_1.0.100.202602081740/tools/bin/../lib/gcc/arm-none-eabi/14.3.1/../../../../arm-none-eabi/lib/thumb/v7e-m+fp/hard\libc_nano.a(libc_a-findfp.o)
 .ARM.attributes
                0x00000557       0x34 C:/ST/STM32CubeIDE_2.2.0/STM32CubeIDE/plugins/com.st.stm32cube.ide.mcu.externaltools.gnu-tools-for-stm32.14.3.rel1.win32_1.0.100.202602081740/tools/bin/../lib/gcc/arm-none-eabi/14.3.1/../../../../arm-none-eabi/lib/thumb/v7e-m+fp/hard\libc_nano.a(libc_a-snprintf.o)
 .ARM.attributes
                0x0000058b       0x34 C:/ST/STM32CubeIDE_2.2.0/STM32CubeIDE/plugins/com.st.stm32cube.ide.mcu.externaltools.gnu-tools-for-stm32.14.3.rel1.win32_1.0.100.202602081740/tools/bin/../lib/gcc/arm-none-eabi/14.3.1/../../../../arm-none-eabi/lib/thumb/v7e-m+fp/hard\libc_nano.a(libc_a-sprintf.o)
 .ARM.attributes
                0x000005bf       0x34 C:/ST/STM32CubeIDE_2.2.0/STM32CubeIDE/plugins/com.st.stm32cube.ide.mcu.externaltools.gnu-tools-for-stm32.14.3.rel1.win32_1.0.100.202602081740/tools/bin/../lib/gcc/arm-none-eabi/14.3.1/../../../../arm-none-eabi/lib/thumb/v7e-m+fp/hard\libc_nano.a(libc_a-vsprintf.o)
 .ARM.attributes
                0x000005f3       0x34 C:/ST/STM32CubeIDE_2.2.0/STM32CubeIDE/plugins/com.st.stm32cube.ide.mcu.externaltools.gnu-tools-for-stm32.14.3.rel1.win32_1.0.100.202602081740/tools/bin/../lib/gcc/arm-none-eabi/14.3.1/../../../../arm-none-eabi/lib/thumb/v7e-m+fp/hard\libc_nano.a(libc_a-memset.o)
 .ARM.attributes
                0x00000627       0x34 C:/ST/STM32CubeIDE_2.2.0/STM32CubeIDE/plugins/com.st.stm32cube.ide.mcu.externaltools.gnu-tools-for-stm32.14.3.rel1.win32_1.0.100.202602081740/tools/bin/../lib/gcc/arm-none-eabi/14.3.1/../../../../arm-none-eabi/lib/thumb/v7e-m+fp/hard\libc_nano.a(libc_a-strcat.o)
 .ARM.attributes
                0x0000065b       0x34 C:/ST/STM32CubeIDE_2.2.0/STM32CubeIDE/plugins/com.st.stm32cube.ide.mcu.externaltools.gnu-tools-for-stm32.14.3.rel1.win32_1.0.100.202602081740/tools/bin/../lib/gcc/arm-none-eabi/14.3.1/../../../../arm-none-eabi/lib/thumb/v7e-m+fp/hard\libc_nano.a(libc_a-strchr.o)
 .ARM.attributes
                0x0000068f       0x34 C:/ST/STM32CubeIDE_2.2.0/STM32CubeIDE/plugins/com.st.stm32cube.ide.mcu.externaltools.gnu-tools-for-stm32.14.3.rel1.win32_1.0.100.202602081740/tools/bin/../lib/gcc/arm-none-eabi/14.3.1/../../../../arm-none-eabi/lib/thumb/v7e-m+fp/hard\libc_nano.a(libc_a-strncat.o)
 .ARM.attributes
                0x000006c3       0x34 C:/ST/STM32CubeIDE_2.2.0/STM32CubeIDE/plugins/com.st.stm32cube.ide.mcu.externaltools.gnu-tools-for-stm32.14.3.rel1.win32_1.0.100.202602081740/tools/bin/../lib/gcc/arm-none-eabi/14.3.1/../../../../arm-none-eabi/lib/thumb/v7e-m+fp/hard\libc_nano.a(libc_a-strncpy.o)
 .ARM.attributes
                0x000006f7       0x34 C:/ST/STM32CubeIDE_2.2.0/STM32CubeIDE/plugins/com.st.stm32cube.ide.mcu.externaltools.gnu-tools-for-stm32.14.3.rel1.win32_1.0.100.202602081740/tools/bin/../lib/gcc/arm-none-eabi/14.3.1/../../../../arm-none-eabi/lib/thumb/v7e-m+fp/hard\libc_nano.a(libc_a-reent.o)
 .ARM.attributes
                0x0000072b       0x34 C:/ST/STM32CubeIDE_2.2.0/STM32CubeIDE/plugins/com.st.stm32cube.ide.mcu.externaltools.gnu-tools-for-stm32.14.3.rel1.win32_1.0.100.202602081740/tools/bin/../lib/gcc/arm-none-eabi/14.3.1/../../../../arm-none-eabi/lib/thumb/v7e-m+fp/hard\libc_nano.a(libc_a-impure.o)
 .ARM.attributes
                0x0000075f       0x34 C:/ST/STM32CubeIDE_2.2.0/STM32CubeIDE/plugins/com.st.stm32cube.ide.mcu.externaltools.gnu-tools-for-stm32.14.3.rel1.win32_1.0.100.202602081740/tools/bin/../lib/gcc/arm-none-eabi/14.3.1/../../../../arm-none-eabi/lib/thumb/v7e-m+fp/hard\libc_nano.a(libc_a-errno.o)
 .ARM.attributes
                0x00000793       0x34 C:/ST/STM32CubeIDE_2.2.0/STM32CubeIDE/plugins/com.st.stm32cube.ide.mcu.externaltools.gnu-tools-for-stm32.14.3.rel1.win32_1.0.100.202602081740/tools/bin/../lib/gcc/arm-none-eabi/14.3.1/../../../../arm-none-eabi/lib/thumb/v7e-m+fp/hard\libc_nano.a(libc_a-init.o)
 .ARM.attributes
                0x000007c7       0x34 C:/ST/STM32CubeIDE_2.2.0/STM32CubeIDE/plugins/com.st.stm32cube.ide.mcu.externaltools.gnu-tools-for-stm32.14.3.rel1.win32_1.0.100.202602081740/tools/bin/../lib/gcc/arm-none-eabi/14.3.1/../../../../arm-none-eabi/lib/thumb/v7e-m+fp/hard\libc_nano.a(libc_a-lock.o)
 .ARM.attributes
                0x000007fb       0x34 C:/ST/STM32CubeIDE_2.2.0/STM32CubeIDE/plugins/com.st.stm32cube.ide.mcu.externaltools.gnu-tools-for-stm32.14.3.rel1.win32_1.0.100.202602081740/tools/bin/../lib/gcc/arm-none-eabi/14.3.1/../../../../arm-none-eabi/lib/thumb/v7e-m+fp/hard\libc_nano.a(libc_a-strcpy.o)
 .ARM.attributes
                0x0000082f       0x17 C:/ST/STM32CubeIDE_2.2.0/STM32CubeIDE/plugins/com.st.stm32cube.ide.mcu.externaltools.gnu-tools-for-stm32.14.3.rel1.win32_1.0.100.202602081740/tools/bin/../lib/gcc/arm-none-eabi/14.3.1/../../../../arm-none-eabi/lib/thumb/v7e-m+fp/hard\libc_nano.a(libc_a-strlen.o)
 .ARM.attributes
                0x00000846       0x34 C:/ST/STM32CubeIDE_2.2.0/STM32CubeIDE/plugins/com.st.stm32cube.ide.mcu.externaltools.gnu-tools-for-stm32.14.3.rel1.win32_1.0.100.202602081740/tools/bin/../lib/gcc/arm-none-eabi/14.3.1/../../../../arm-none-eabi/lib/thumb/v7e-m+fp/hard\libc_nano.a(libc_a-freer.o)
 .ARM.attributes
                0x0000087a       0x34 C:/ST/STM32CubeIDE_2.2.0/STM32CubeIDE/plugins/com.st.stm32cube.ide.mcu.externaltools.gnu-tools-for-stm32.14.3.rel1.win32_1.0.100.202602081740/tools/bin/../lib/gcc/arm-none-eabi/14.3.1/../../../../arm-none-eabi/lib/thumb/v7e-m+fp/hard\libc_nano.a(libc_a-mallocr.o)
 .ARM.attributes
                0x000008ae       0x34 C:/ST/STM32CubeIDE_2.2.0/STM32CubeIDE/plugins/com.st.stm32cube.ide.mcu.externaltools.gnu-tools-for-stm32.14.3.rel1.win32_1.0.100.202602081740/tools/bin/../lib/gcc/arm-none-eabi/14.3.1/../../../../arm-none-eabi/lib/thumb/v7e-m+fp/hard\libc_nano.a(libc_a-mlock.o)
 .ARM.attributes
                0x000008e2       0x34 C:/ST/STM32CubeIDE_2.2.0/STM32CubeIDE/plugins/com.st.stm32cube.ide.mcu.externaltools.gnu-tools-for-stm32.14.3.rel1.win32_1.0.100.202602081740/tools/bin/../lib/gcc/arm-none-eabi/14.3.1/../../../../arm-none-eabi/lib/thumb/v7e-m+fp/hard\libc_nano.a(libc_a-nano-svfprintf.o)
 .ARM.attributes
                0x00000916       0x34 C:/ST/STM32CubeIDE_2.2.0/STM32CubeIDE/plugins/com.st.stm32cube.ide.mcu.externaltools.gnu-tools-for-stm32.14.3.rel1.win32_1.0.100.202602081740/tools/bin/../lib/gcc/arm-none-eabi/14.3.1/../../../../arm-none-eabi/lib/thumb/v7e-m+fp/hard\libc_nano.a(libc_a-nano-vfprintf_i.o)
 .ARM.attributes
                0x0000094a       0x34 C:/ST/STM32CubeIDE_2.2.0/STM32CubeIDE/plugins/com.st.stm32cube.ide.mcu.externaltools.gnu-tools-for-stm32.14.3.rel1.win32_1.0.100.202602081740/tools/bin/../lib/gcc/arm-none-eabi/14.3.1/../../../../arm-none-eabi/lib/thumb/v7e-m+fp/hard\libc_nano.a(libc_a-memmove.o)
 .ARM.attributes
                0x0000097e       0x34 C:/ST/STM32CubeIDE_2.2.0/STM32CubeIDE/plugins/com.st.stm32cube.ide.mcu.externaltools.gnu-tools-for-stm32.14.3.rel1.win32_1.0.100.202602081740/tools/bin/../lib/gcc/arm-none-eabi/14.3.1/../../../../arm-none-eabi/lib/thumb/v7e-m+fp/hard\libc_nano.a(libc_a-sbrkr.o)
 .ARM.attributes
                0x000009b2       0x1c C:/ST/STM32CubeIDE_2.2.0/STM32CubeIDE/plugins/com.st.stm32cube.ide.mcu.externaltools.gnu-tools-for-stm32.14.3.rel1.win32_1.0.100.202602081740/tools/bin/../lib/gcc/arm-none-eabi/14.3.1/../../../../arm-none-eabi/lib/thumb/v7e-m+fp/hard\libc_nano.a(libc_a-memchr.o)
 .ARM.attributes
                0x000009ce       0x34 C:/ST/STM32CubeIDE_2.2.0/STM32CubeIDE/plugins/com.st.stm32cube.ide.mcu.externaltools.gnu-tools-for-stm32.14.3.rel1.win32_1.0.100.202602081740/tools/bin/../lib/gcc/arm-none-eabi/14.3.1/../../../../arm-none-eabi/lib/thumb/v7e-m+fp/hard\libc_nano.a(libc_a-memcpy-stub.o)
 .ARM.attributes
                0x00000a02       0x34 C:/ST/STM32CubeIDE_2.2.0/STM32CubeIDE/plugins/com.st.stm32cube.ide.mcu.externaltools.gnu-tools-for-stm32.14.3.rel1.win32_1.0.100.202602081740/tools/bin/../lib/gcc/arm-none-eabi/14.3.1/../../../../arm-none-eabi/lib/thumb/v7e-m+fp/hard\libc_nano.a(libc_a-reallocr.o)
 .ARM.attributes
                0x00000a36       0x34 C:/ST/STM32CubeIDE_2.2.0/STM32CubeIDE/plugins/com.st.stm32cube.ide.mcu.externaltools.gnu-tools-for-stm32.14.3.rel1.win32_1.0.100.202602081740/tools/bin/../lib/gcc/arm-none-eabi/14.3.1/../../../../arm-none-eabi/lib/thumb/v7e-m+fp/hard\libc_nano.a(libc_a-msizer.o)
 .ARM.attributes
                0x00000a6a       0x22 C:/ST/STM32CubeIDE_2.2.0/STM32CubeIDE/plugins/com.st.stm32cube.ide.mcu.externaltools.gnu-tools-for-stm32.14.3.rel1.win32_1.0.100.202602081740/tools/bin/../lib/gcc/arm-none-eabi/14.3.1/thumb/v7e-m+fp/hard\libgcc.a(_arm_addsubdf3.o)
 .ARM.attributes
                0x00000a8c       0x22 C:/ST/STM32CubeIDE_2.2.0/STM32CubeIDE/plugins/com.st.stm32cube.ide.mcu.externaltools.gnu-tools-for-stm32.14.3.rel1.win32_1.0.100.202602081740/tools/bin/../lib/gcc/arm-none-eabi/14.3.1/thumb/v7e-m+fp/hard\libgcc.a(_arm_muldivdf3.o)
 .ARM.attributes
                0x00000aae       0x22 C:/ST/STM32CubeIDE_2.2.0/STM32CubeIDE/plugins/com.st.stm32cube.ide.mcu.externaltools.gnu-tools-for-stm32.14.3.rel1.win32_1.0.100.202602081740/tools/bin/../lib/gcc/arm-none-eabi/14.3.1/thumb/v7e-m+fp/hard\libgcc.a(_aeabi_uldivmod.o)
 .ARM.attributes
                0x00000ad0       0x34 C:/ST/STM32CubeIDE_2.2.0/STM32CubeIDE/plugins/com.st.stm32cube.ide.mcu.externaltools.gnu-tools-for-stm32.14.3.rel1.win32_1.0.100.202602081740/tools/bin/../lib/gcc/arm-none-eabi/14.3.1/thumb/v7e-m+fp/hard\libgcc.a(_udivmoddi4.o)
 .ARM.attributes
                0x00000b04       0x22 C:/ST/STM32CubeIDE_2.2.0/STM32CubeIDE/plugins/com.st.stm32cube.ide.mcu.externaltools.gnu-tools-for-stm32.14.3.rel1.win32_1.0.100.202602081740/tools/bin/../lib/gcc/arm-none-eabi/14.3.1/thumb/v7e-m+fp/hard\libgcc.a(_dvmd_tls.o)
 .ARM.attributes
                0x00000b26       0x22 C:/ST/STM32CubeIDE_2.2.0/STM32CubeIDE/plugins/com.st.stm32cube.ide.mcu.externaltools.gnu-tools-for-stm32.14.3.rel1.win32_1.0.100.202602081740/tools/bin/../lib/gcc/arm-none-eabi/14.3.1/thumb/v7e-m+fp/hard/crtn.o
OUTPUT(Sharp_ce140f_emul_v1.1.elf elf32-littlearm)
LOAD linker stubs
LOAD C:/ST/STM32CubeIDE_2.2.0/STM32CubeIDE/plugins/com.st.stm32cube.ide.mcu.externaltools.gnu-tools-for-stm32.14.3.rel1.win32_1.0.100.202602081740/tools/bin/../lib/gcc/arm-none-eabi/14.3.1/../../../../arm-none-eabi/lib/thumb/v7e-m+fp/hard\libc.a
LOAD C:/ST/STM32CubeIDE_2.2.0/STM32CubeIDE/plugins/com.st.stm32cube.ide.mcu.externaltools.gnu-tools-for-stm32.14.3.rel1.win32_1.0.100.202602081740/tools/bin/../lib/gcc/arm-none-eabi/14.3.1/../../../../arm-none-eabi/lib/thumb/v7e-m+fp/hard\libm.a
LOAD C:/ST/STM32CubeIDE_2.2.0/STM32CubeIDE/plugins/com.st.stm32cube.ide.mcu.externaltools.gnu-tools-for-stm32.14.3.rel1.win32_1.0.100.202602081740/tools/bin/../lib/gcc/arm-none-eabi/14.3.1/thumb/v7e-m+fp/hard\libgcc.a

.debug_info     0x00000000    0x165fb
 .debug_info    0x00000000     0x115b ./Core/Src/app_main.o
 .debug_info    0x0000115b     0x1fff ./Core/Src/commands.o
 .debug_info    0x0000315a     0x14ef ./Core/Src/main.o
 .debug_info    0x00004649      0xc4a ./Core/Src/stm32l4xx_hal_msp.o
 .debug_info    0x00005293      0xc5a ./Core/Src/stm32l4xx_hal_timebase_tim.o
 .debug_info    0x00005eed      0x747 ./Core/Src/stm32l4xx_it.o
 .debug_info    0x00006634      0x168 ./Core/Src/sysmem.o
 .debug_info    0x0000679c      0x5f0 ./Core/Src/system_stm32l4xx.o
 .debug_info    0x00006d8c       0x30 ./Core/Startup/startup_stm32l432kcux.o
 .debug_info    0x00006dbc      0x577 ./Drivers/BSP/STM32L4xx_Nucleo_32/stm32l4xx_nucleo_32.o
 .debug_info    0x00007333      0x9e0 ./Drivers/STM32L4xx_HAL_Driver/Src/stm32l4xx_hal.o
 .debug_info    0x00007d13      0xd2f ./Drivers/STM32L4xx_HAL_Driver/Src/stm32l4xx_hal_cortex.o
 .debug_info    0x00008a42      0x79f ./Drivers/STM32L4xx_HAL_Driver/Src/stm32l4xx_hal_gpio.o
 .debug_info    0x000091e1      0x94c ./Drivers/STM32L4xx_HAL_Driver/Src/stm32l4xx_hal_pwr_ex.o
 .debug_info    0x00009b2d      0xbf4 ./Drivers/STM32L4xx_HAL_Driver/Src/stm32l4xx_hal_rcc.o
 .debug_info    0x0000a721      0xf2c ./Drivers/STM32L4xx_HAL_Driver/Src/stm32l4xx_hal_rcc_ex.o
 .debug_info    0x0000b64d     0x2ade ./Drivers/STM32L4xx_HAL_Driver/Src/stm32l4xx_hal_tim.o
 .debug_info    0x0000e12b     0x16e0 ./Drivers/STM32L4xx_HAL_Driver/Src/stm32l4xx_hal_tim_ex.o
 .debug_info    0x0000f80b     0x3b9c ./Drivers/STM32L4xx_HAL_Driver/Src/stm32l4xx_hal_uart.o
 .debug_info    0x000133a7      0x505 ./FATFS/App/fatfs.o
 .debug_info    0x000138ac      0x36c ./FATFS/Target/user_diskio.o
 .debug_info    0x00013c18      0x411 ./Middlewares/Third_Party/FatFs/src/diskio.o
 .debug_info    0x00014029     0x2221 ./Middlewares/Third_Party/FatFs/src/ff.o
 .debug_info    0x0001624a      0x3b1 ./Middlewares/Third_Party/FatFs/src/ff_gen_drv.o

.debug_abbrev   0x00000000     0x328c
 .debug_abbrev  0x00000000      0x34b ./Core/Src/app_main.o
 .debug_abbrev  0x0000034b      0x430 ./Core/Src/commands.o
 .debug_abbrev  0x0000077b      0x331 ./Core/Src/main.o
 .debug_abbrev  0x00000aac      0x1d1 ./Core/Src/stm32l4xx_hal_msp.o
 .debug_abbrev  0x00000c7d      0x1fa ./Core/Src/stm32l4xx_hal_timebase_tim.o
 .debug_abbrev  0x00000e77      0x195 ./Core/Src/stm32l4xx_it.o
 .debug_abbrev  0x0000100c       0xbc ./Core/Src/sysmem.o
 .debug_abbrev  0x000010c8      0x117 ./Core/Src/system_stm32l4xx.o
 .debug_abbrev  0x000011df       0x24 ./Core/Startup/startup_stm32l432kcux.o
 .debug_abbrev  0x00001203      0x195 ./Drivers/BSP/STM32L4xx_Nucleo_32/stm32l4xx_nucleo_32.o
 .debug_abbrev  0x00001398      0x226 ./Drivers/STM32L4xx_HAL_Driver/Src/stm32l4xx_hal.o
 .debug_abbrev  0x000015be      0x31c ./Drivers/STM32L4xx_HAL_Driver/Src/stm32l4xx_hal_cortex.o
 .debug_abbrev  0x000018da      0x1d1 ./Drivers/STM32L4xx_HAL_Driver/Src/stm32l4xx_hal_gpio.o
 .debug_abbrev  0x00001aab      0x1f9 ./Drivers/STM32L4xx_HAL_Driver/Src/stm32l4xx_hal_pwr_ex.o
 .debug_abbrev  0x00001ca4      0x2dc ./Drivers/STM32L4xx_HAL_Driver/Src/stm32l4xx_hal_rcc.o
 .debug_abbrev  0x00001f80      0x2a0 ./Drivers/STM32L4xx_HAL_Driver/Src/stm32l4xx_hal_rcc_ex.o
 .debug_abbrev  0x00002220      0x289 ./Drivers/STM32L4xx_HAL_Driver/Src/stm32l4xx_hal_tim.o
 .debug_abbrev  0x000024a9      0x284 ./Drivers/STM32L4xx_HAL_Driver/Src/stm32l4xx_hal_tim_ex.o
 .debug_abbrev  0x0000272d      0x2f3 ./Drivers/STM32L4xx_HAL_Driver/Src/stm32l4xx_hal_uart.o
 .debug_abbrev  0x00002a20      0x171 ./FATFS/App/fatfs.o
 .debug_abbrev  0x00002b91      0x14e ./FATFS/Target/user_diskio.o
 .debug_abbrev  0x00002cdf      0x17e ./Middlewares/Third_Party/FatFs/src/diskio.o
 .debug_abbrev  0x00002e5d      0x293 ./Middlewares/Third_Party/FatFs/src/ff.o
 .debug_abbrev  0x000030f0      0x19c ./Middlewares/Third_Party/FatFs/src/ff_gen_drv.o

.debug_aranges  0x00000000     0x12c8
 .debug_aranges
                0x00000000       0xb8 ./Core/Src/app_main.o
 .debug_aranges
                0x000000b8       0xa8 ./Core/Src/commands.o
 .debug_aranges
                0x00000160       0x40 ./Core/Src/main.o
 .debug_aranges
                0x000001a0       0x30 ./Core/Src/stm32l4xx_hal_msp.o
 .debug_aranges
                0x000001d0       0x30 ./Core/Src/stm32l4xx_hal_timebase_tim.o
 .debug_aranges
                0x00000200       0x68 ./Core/Src/stm32l4xx_it.o
 .debug_aranges
                0x00000268       0x20 ./Core/Src/sysmem.o
 .debug_aranges
                0x00000288       0x28 ./Core/Src/system_stm32l4xx.o
 .debug_aranges
                0x000002b0       0x28 ./Core/Startup/startup_stm32l432kcux.o
 .debug_aranges
                0x000002d8       0x40 ./Drivers/BSP/STM32L4xx_Nucleo_32/stm32l4xx_nucleo_32.o
 .debug_aranges
                0x00000318      0x108 ./Drivers/STM32L4xx_HAL_Driver/Src/stm32l4xx_hal.o
 .debug_aranges
                0x00000420      0x128 ./Drivers/STM32L4xx_HAL_Driver/Src/stm32l4xx_hal_cortex.o
 .debug_aranges
                0x00000548       0x58 ./Drivers/STM32L4xx_HAL_Driver/Src/stm32l4xx_hal_gpio.o
 .debug_aranges
                0x000005a0      0x128 ./Drivers/STM32L4xx_HAL_Driver/Src/stm32l4xx_hal_pwr_ex.o
 .debug_aranges
                0x000006c8       0x90 ./Drivers/STM32L4xx_HAL_Driver/Src/stm32l4xx_hal_rcc.o
 .debug_aranges
                0x00000758       0xf0 ./Drivers/STM32L4xx_HAL_Driver/Src/stm32l4xx_hal_rcc_ex.o
 .debug_aranges
                0x00000848      0x3e0 ./Drivers/STM32L4xx_HAL_Driver/Src/stm32l4xx_hal_tim.o
 .debug_aranges
                0x00000c28      0x180 ./Drivers/STM32L4xx_HAL_Driver/Src/stm32l4xx_hal_tim_ex.o
 .debug_aranges
                0x00000da8      0x228 ./Drivers/STM32L4xx_HAL_Driver/Src/stm32l4xx_hal_uart.o
 .debug_aranges
                0x00000fd0       0x28 ./FATFS/App/fatfs.o
 .debug_aranges
                0x00000ff8       0x40 ./FATFS/Target/user_diskio.o
 .debug_aranges
                0x00001038       0x48 ./Middlewares/Third_Party/FatFs/src/diskio.o
 .debug_aranges
                0x00001080      0x208 ./Middlewares/Third_Party/FatFs/src/ff.o
 .debug_aranges
                0x00001288       0x40 ./Middlewares/Third_Party/FatFs/src/ff_gen_drv.o

.debug_rnglists
                0x00000000      0xeb7
 .debug_rnglists
                0x00000000       0x8d ./Core/Src/app_main.o
 .debug_rnglists
                0x0000008d       0xa2 ./Core/Src/commands.o
 .debug_rnglists
                0x0000012f       0x2d ./Core/Src/main.o
 .debug_rnglists
                0x0000015c       0x20 ./Core/Src/stm32l4xx_hal_msp.o
 .debug_rnglists
                0x0000017c       0x20 ./Core/Src/stm32l4xx_hal_timebase_tim.o
 .debug_rnglists
                0x0000019c       0x49 ./Core/Src/stm32l4xx_it.o
 .debug_rnglists
                0x000001e5       0x13 ./Core/Src/sysmem.o
 .debug_rnglists
                0x000001f8       0x1a ./Core/Src/system_stm32l4xx.o
 .debug_rnglists
                0x00000212       0x19 ./Core/Startup/startup_stm32l432kcux.o
 .debug_rnglists
                0x0000022b       0x2b ./Drivers/BSP/STM32L4xx_Nucleo_32/stm32l4xx_nucleo_32.o
 .debug_rnglists
                0x00000256       0xc1 ./Drivers/STM32L4xx_HAL_Driver/Src/stm32l4xx_hal.o
 .debug_rnglists
                0x00000317       0xda ./Drivers/STM32L4xx_HAL_Driver/Src/stm32l4xx_hal_cortex.o
 .debug_rnglists
                0x000003f1       0x3f ./Drivers/STM32L4xx_HAL_Driver/Src/stm32l4xx_hal_gpio.o
 .debug_rnglists
                0x00000430       0xdf ./Drivers/STM32L4xx_HAL_Driver/Src/stm32l4xx_hal_pwr_ex.o
 .debug_rnglists
                0x0000050f       0x6d ./Drivers/STM32L4xx_HAL_Driver/Src/stm32l4xx_hal_rcc.o
 .debug_rnglists
                0x0000057c       0xba ./Drivers/STM32L4xx_HAL_Driver/Src/stm32l4xx_hal_rcc_ex.o
 .debug_rnglists
                0x00000636      0x32b ./Drivers/STM32L4xx_HAL_Driver/Src/stm32l4xx_hal_tim.o
 .debug_rnglists
                0x00000961      0x139 ./Drivers/STM32L4xx_HAL_Driver/Src/stm32l4xx_hal_tim_ex.o
 .debug_rnglists
                0x00000a9a      0x1da ./Drivers/STM32L4xx_HAL_Driver/Src/stm32l4xx_hal_uart.o
 .debug_rnglists
                0x00000c74       0x19 ./FATFS/App/fatfs.o
 .debug_rnglists
                0x00000c8d       0x2b ./FATFS/Target/user_diskio.o
 .debug_rnglists
                0x00000cb8       0x31 ./Middlewares/Third_Party/FatFs/src/diskio.o
 .debug_rnglists
                0x00000ce9      0x1a2 ./Middlewares/Third_Party/FatFs/src/ff.o
 .debug_rnglists
                0x00000e8b       0x2c ./Middlewares/Third_Party/FatFs/src/ff_gen_drv.o

.debug_macro    0x00000000    0x258ab
 .debug_macro   0x00000000      0x35e ./Core/Src/app_main.o
 .debug_macro   0x0000035e      0xbb6 ./Core/Src/app_main.o
 .debug_macro   0x00000f14      0x1a7 ./Core/Src/app_main.o
 .debug_macro   0x000010bb       0x2e ./Core/Src/app_main.o
 .debug_macro   0x000010e9       0x28 ./Core/Src/app_main.o
 .debug_macro   0x00001111       0x1c ./Core/Src/app_main.o
 .debug_macro   0x0000112d       0x22 ./Core/Src/app_main.o
 .debug_macro   0x0000114f       0x8e ./Core/Src/app_main.o
 .debug_macro   0x000011dd       0x51 ./Core/Src/app_main.o
 .debug_macro   0x0000122e      0x103 ./Core/Src/app_main.o
 .debug_macro   0x00001331       0x6a ./Core/Src/app_main.o
 .debug_macro   0x0000139b      0x1df ./Core/Src/app_main.o
 .debug_macro   0x0000157a       0x1c ./Core/Src/app_main.o
 .debug_macro   0x00001596       0x22 ./Core/Src/app_main.o
 .debug_macro   0x000015b8       0xfb ./Core/Src/app_main.o
 .debug_macro   0x000016b3     0x1011 ./Core/Src/app_main.o
 .debug_macro   0x000026c4      0x11f ./Core/Src/app_main.o
 .debug_macro   0x000027e3    0x147a6 ./Core/Src/app_main.o
 .debug_macro   0x00016f89       0x6d ./Core/Src/app_main.o
 .debug_macro   0x00016ff6     0x38fb ./Core/Src/app_main.o
 .debug_macro   0x0001a8f1      0x197 ./Core/Src/app_main.o
 .debug_macro   0x0001aa88       0x5c ./Core/Src/app_main.o
 .debug_macro   0x0001aae4     0x11ca ./Core/Src/app_main.o
 .debug_macro   0x0001bcae      0x53c ./Core/Src/app_main.o
 .debug_macro   0x0001c1ea      0x1b9 ./Core/Src/app_main.o
 .debug_macro   0x0001c3a3      0x122 ./Core/Src/app_main.o
 .debug_macro   0x0001c4c5      0x2c4 ./Core/Src/app_main.o
 .debug_macro   0x0001c789      0x27a ./Core/Src/app_main.o
 .debug_macro   0x0001ca03      0x23d ./Core/Src/app_main.o
 .debug_macro   0x0001cc40      0x241 ./Core/Src/app_main.o
 .debug_macro   0x0001ce81      0x375 ./Core/Src/app_main.o
 .debug_macro   0x0001d1f6       0xd6 ./Core/Src/app_main.o
 .debug_macro   0x0001d2cc      0x122 ./Core/Src/app_main.o
 .debug_macro   0x0001d3ee      0x356 ./Core/Src/app_main.o
 .debug_macro   0x0001d744      0xa98 ./Core/Src/app_main.o
 .debug_macro   0x0001e1dc      0x12d ./Core/Src/app_main.o
 .debug_macro   0x0001e309      0x5cf ./Core/Src/app_main.o
 .debug_macro   0x0001e8d8       0x44 ./Core/Src/app_main.o
 .debug_macro   0x0001e91c      0x220 ./Core/Src/app_main.o
 .debug_macro   0x0001eb3c       0x41 ./Core/Src/app_main.o
 .debug_macro   0x0001eb7d       0xdc ./Core/Src/app_main.o
 .debug_macro   0x0001ec59       0x28 ./Core/Src/app_main.o
 .debug_macro   0x0001ec81       0x61 ./Core/Src/app_main.o
 .debug_macro   0x0001ece2       0x2a ./Core/Src/app_main.o
 .debug_macro   0x0001ed0c       0x43 ./Core/Src/app_main.o
 .debug_macro   0x0001ed4f       0x34 ./Core/Src/app_main.o
 .debug_macro   0x0001ed83       0x16 ./Core/Src/app_main.o
 .debug_macro   0x0001ed99       0x3c ./Core/Src/app_main.o
 .debug_macro   0x0001edd5      0x380 ./Core/Src/app_main.o
 .debug_macro   0x0001f155       0x10 ./Core/Src/app_main.o
 .debug_macro   0x0001f165       0x16 ./Core/Src/app_main.o
 .debug_macro   0x0001f17b       0x4a ./Core/Src/app_main.o
 .debug_macro   0x0001f1c5       0x34 ./Core/Src/app_main.o
 .debug_macro   0x0001f1f9       0x10 ./Core/Src/app_main.o
 .debug_macro   0x0001f209       0x58 ./Core/Src/app_main.o
 .debug_macro   0x0001f261       0x8e ./Core/Src/app_main.o
 .debug_macro   0x0001f2ef       0x16 ./Core/Src/app_main.o
 .debug_macro   0x0001f305      0x17e ./Core/Src/app_main.o
 .debug_macro   0x0001f483       0x16 ./Core/Src/app_main.o
 .debug_macro   0x0001f499       0x16 ./Core/Src/app_main.o
 .debug_macro   0x0001f4af      0x138 ./Core/Src/app_main.o
 .debug_macro   0x0001f5e7       0x16 ./Core/Src/app_main.o
 .debug_macro   0x0001f5fd       0x20 ./Core/Src/app_main.o
 .debug_macro   0x0001f61d       0x4c ./Core/Src/app_main.o
 .debug_macro   0x0001f669      0x3b1 ./Core/Src/commands.o
 .debug_macro   0x0001fa1a       0xe5 ./Core/Src/commands.o
 .debug_macro   0x0001faff      0x1f2 ./Core/Src/commands.o
 .debug_macro   0x0001fcf1       0x10 ./Core/Src/commands.o
 .debug_macro   0x0001fd01      0x4fe ./Core/Src/commands.o
 .debug_macro   0x000201ff       0x10 ./Core/Src/commands.o
 .debug_macro   0x0002020f       0x16 ./Core/Src/commands.o
 .debug_macro   0x00020225       0x16 ./Core/Src/commands.o
 .debug_macro   0x0002023b       0x29 ./Core/Src/commands.o
 .debug_macro   0x00020264       0x1c ./Core/Src/commands.o
 .debug_macro   0x00020280       0xde ./Core/Src/commands.o
 .debug_macro   0x0002035e       0x12 ./Core/Src/commands.o
 .debug_macro   0x00020370       0xe2 ./Core/Src/commands.o
 .debug_macro   0x00020452       0x1c ./Core/Src/commands.o
 .debug_macro   0x0002046e       0x1c ./Core/Src/commands.o
 .debug_macro   0x0002048a      0x355 ./Core/Src/main.o
 .debug_macro   0x000207df       0xeb ./Core/Src/main.o
 .debug_macro   0x000208ca       0x8e ./Core/Src/main.o
 .debug_macro   0x00020958      0x1e7 ./Core/Src/stm32l4xx_hal_msp.o
 .debug_macro   0x00020b3f      0xade ./Core/Src/stm32l4xx_hal_msp.o
 .debug_macro   0x0002161d     0x1011 ./Core/Src/stm32l4xx_hal_msp.o
 .debug_macro   0x0002262e      0x190 ./Core/Src/stm32l4xx_hal_msp.o
 .debug_macro   0x000227be      0x1cf ./Core/Src/stm32l4xx_hal_timebase_tim.o
 .debug_macro   0x0002298d      0x1f1 ./Core/Src/stm32l4xx_it.o
 .debug_macro   0x00022b7e      0x116 ./Core/Src/sysmem.o
 .debug_macro   0x00022c94      0x23c ./Core/Src/sysmem.o
 .debug_macro   0x00022ed0      0x1cf ./Core/Src/system_stm32l4xx.o
 .debug_macro   0x0002309f      0x1fc ./Drivers/BSP/STM32L4xx_Nucleo_32/stm32l4xx_nucleo_32.o
 .debug_macro   0x0002329b       0x3b ./Drivers/BSP/STM32L4xx_Nucleo_32/stm32l4xx_nucleo_32.o
 .debug_macro   0x000232d6      0x217 ./Drivers/STM32L4xx_HAL_Driver/Src/stm32l4xx_hal.o
 .debug_macro   0x000234ed      0x1cf ./Drivers/STM32L4xx_HAL_Driver/Src/stm32l4xx_hal_cortex.o
 .debug_macro   0x000236bc      0x1d6 ./Drivers/STM32L4xx_HAL_Driver/Src/stm32l4xx_hal_gpio.o
 .debug_macro   0x00023892      0x1f3 ./Drivers/STM32L4xx_HAL_Driver/Src/stm32l4xx_hal_pwr_ex.o