../Core/Src/commands.cpp:45:6:void print_to_pc(const char*)	16	static
../Core/Src/commands.cpp:49:9:uint8_t CheckSum(uint8_t)	16	static
../Core/Src/commands.cpp:54:6:void outDataAppend(uint8_t)	16	static
../Core/Src/commands.cpp:60:6:void sendString(const char*)	24	static
../Core/Src/commands.cpp:66:6:void trim(uint8_t*)	24	static
../Core/Src/commands.cpp:75:6:bool file_exists(char*)	576	static
../Core/Src/commands.cpp:84:6:void getFileName()	24	static
../Core/Src/commands.cpp:93:6:void process_FILES()	88	static
../Core/Src/commands.cpp:130:6:void process_FILES_LIST(uint8_t)	144	static
../Core/Src/commands.cpp:196:6:void process_LOAD(uint8_t)	48	static
../Core/Src/commands.cpp:330:6:void process_SAVE(int)	48	static
../Core/Src/commands.cpp:423:6:void process_DSKF()	56	static
../Core/Src/commands.cpp:443:6:void process_CLOSE()	16	static
../Core/Src/commands.cpp:463:6:void process_OPEN()	16	static
../Core/Src/commands.cpp:497:6:void process_PRINT(int)	32	static
../Core/Src/commands.cpp:523:6:void process_INPUT(int)	104	static
../Core/Src/commands.cpp:563:6:void process_KILL()	40	static
../Core/Src/commands.cpp:577:6:void ProcessCommand()	16	static
